 addon

 Timestamp is 5b7a7684 (Mon Aug 20 16:06:28 2018)

 Preferred load address is 10000000

 Start         Length     Name                   Class
 0001:00000000 00011b70H .text$mn                CODE
 0001:00011b70 000001b0H .text$x                 CODE
 0002:00000000 0000019cH .idata$5                DATA
 0002:0000019c 00000004H .00cfg                  DATA
 0002:000001a0 00000004H .CRT$XCA                DATA
 0002:000001a4 00000004H .CRT$XCU                DATA
 0002:000001a8 00000004H .CRT$XCZ                DATA
 0002:000001ac 00000004H .CRT$XIA                DATA
 0002:000001b0 0000000cH .CRT$XIC                DATA
 0002:000001bc 00000004H .CRT$XIZ                DATA
 0002:000001c0 00000004H .CRT$XPA                DATA
 0002:000001c4 00000008H .CRT$XPX                DATA
 0002:000001cc 00000004H .CRT$XPXA               DATA
 0002:000001d0 00000004H .CRT$XPZ                DATA
 0002:000001d4 00000004H .CRT$XTA                DATA
 0002:000001d8 00000008H .CRT$XTZ                DATA
 0002:000001e0 00005684H .rdata                  DATA
 0002:00005864 0000026cH .rdata$r                DATA
 0002:00005ad0 00000034H .rdata$sxdata           DATA
 0002:00005b04 00000344H .rdata$zzzdbg           DATA
 0002:00005e48 00000004H .rtc$IAA                DATA
 0002:00005e4c 00000004H .rtc$IZZ                DATA
 0002:00005e50 00000004H .rtc$TAA                DATA
 0002:00005e54 00000004H .rtc$TZZ                DATA
 0002:00005e58 000007d8H .xdata$x                DATA
 0002:00006630 000000b4H .edata                  DATA
 0002:000066e4 0000003cH .idata$2                DATA
 0002:00006720 00000014H .idata$3                DATA
 0002:00006734 0000019cH .idata$4                DATA
 0002:000068d0 00000aa4H .idata$6                DATA
 0003:00000000 000007b4H .data                   DATA
 0003:000007b4 000000fcH .data$r                 DATA
 0003:000008b0 00000a20H .bss                    DATA
 0004:00000000 0000008cH .gfids$x                DATA
 0004:0000008c 00000084H .gfids$y                DATA
 0005:00000000 00000060H .rsrc$01                DATA
 0005:00000060 00000180H .rsrc$02                DATA

  Address         Publics by Value              Rva+Base       Lib:Object

 0000:00000000       ___guard_fids_count        00000000     <absolute>
 0000:00000000       ___guard_longjmp_count     00000000     <absolute>
 0000:00000000       ___guard_longjmp_table     00000000     <absolute>
 0000:00000000       __except_list              00000000     <absolute>
 0000:00000000       ___guard_iat_table         00000000     <absolute>
 0000:00000000       ___guard_iat_count         00000000     <absolute>
 0000:00000000       ___guard_fids_table        00000000     <absolute>
 0000:00000000       ___dynamic_value_reloc_table 00000000     <absolute>
 0000:0000000d       ___safe_se_handler_count   0000000d     <absolute>
 0000:00000100       ___guard_flags             00000100     <absolute>
 0000:00000000       ___ImageBase               10000000     <linker-defined>
 0001:00000000       ___local_stdio_printf_options 10001000 f i index.obj
 0001:00000010       _printf                    10001010 f i index.obj
 0001:00000040       ?NODE_SET_METHOD@node@@YAXV?$Local@VObject@v8@@@v8@@PBDP6AXABV?$FunctionCallbackInfo@VValue@v8@@@3@@Z@Z 10001040 f i index.obj
 0001:00000100       ?Utf8ToGbk@@YA?AV?$basic_string@DU?$char_traits@D@std@@V?$allocator@D@2@@std@@ABV12@@Z 10001100 f   index.obj
 0001:00000220       ?GbkToUtf8@@YA?AV?$basic_string@DU?$char_traits@D@std@@V?$allocator@D@2@@std@@ABV12@@Z 10001220 f   index.obj
 0001:00000330       ?GetUsbDeviceList@@YAXABV?$FunctionCallbackInfo@VValue@v8@@@v8@@@Z 10001330 f   index.obj
 0001:000005f0       ?PrintRaw@@YAXABV?$FunctionCallbackInfo@VValue@v8@@@v8@@@Z 100015f0 f   index.obj
 0001:00000860       ?Initialize@@YAXV?$Local@VObject@v8@@@v8@@@Z 10001860 f   index.obj
 0001:000008a0       ??1?$list@UDeviceInfo@@V?$allocator@UDeviceInfo@@@std@@@std@@QAE@XZ 100018a0 f i index.obj
 0001:000008c0       ??1?$basic_string@DU?$char_traits@D@std@@V?$allocator@D@2@@std@@QAE@XZ 100018c0 f i index.obj
 0001:00000930       ??0?$basic_string@DU?$char_traits@D@std@@V?$allocator@D@2@@std@@QAE@PBD@Z 10001930 f i index.obj
 0001:00000980       ?assign@?$basic_string@DU?$char_traits@D@std@@V?$allocator@D@2@@std@@QAEAAV12@PBDI@Z 10001980 f i index.obj
 0001:00000a80       ?assign@?$basic_string@DU?$char_traits@D@std@@V?$allocator@D@2@@std@@QAEAAV12@ABV12@II@Z 10001a80 f i index.obj
 0001:00000b90       ?clear@?$list@UDeviceInfo@@V?$allocator@UDeviceInfo@@@std@@@std@@QAEXXZ 10001b90 f i index.obj
 0001:00000d50       ?erase@?$basic_string@DU?$char_traits@D@std@@V?$allocator@D@2@@std@@QAEAAV12@II@Z 10001d50 f i index.obj
 0001:00000dd0       ?_Copy@?$basic_string@DU?$char_traits@D@std@@V?$allocator@D@2@@std@@QAEXII@Z 10001dd0 f i index.obj
 0001:00000f00       ??1DeviceInfo@@QAE@XZ      10001f00 f i index.obj
 0001:00000f30       _printf_s                  10001f30 f i getDeviceList.obj
 0001:00000f60       ??3@YAXPAX0@Z              10001f60 f i getDeviceList.obj
 0001:00000f60       @_guard_check_icall_nop@4  10001f60 f i LIBCMT:guard_support.obj
 0001:00000f60       ___except_validate_jump_buffer 10001f60 f i libvcruntime:jbcxrval.obj
 0001:00000f60       ___except_validate_context_record 10001f60 f i libvcruntime:jbcxrval.obj
 0001:00000f70       ?Unicode2Utf8@@YA?AV?$basic_string@DU?$char_traits@D@std@@V?$allocator@D@2@@std@@PB_W@Z 10001f70 f   getDeviceList.obj
 0001:00001020       ?GetDeviceList@@YAXAAV?$list@UDeviceInfo@@V?$allocator@UDeviceInfo@@@std@@@std@@@Z 10002020 f   getDeviceList.obj
 0001:00001350       ??$_Insert@ABUDeviceInfo@@@?$list@UDeviceInfo@@V?$allocator@UDeviceInfo@@@std@@@std@@QAEXV?$_List_unchecked_const_iterator@V?$_List_val@U?$_List_simple_types@UDeviceInfo@@@std@@@std@@U_Iterator_base0@2@@1@ABUDeviceInfo@@@Z 10002350 f i getDeviceList.obj
 0001:00001410       ??0DeviceInfo@@QAE@ABU0@@Z 10002410 f i getDeviceList.obj
 0001:000014e0       ?PrintRawData@@YAHV?$basic_string@DU?$char_traits@D@std@@V?$allocator@D@2@@std@@ABV12@@Z 100024e0 f   escposPrint.obj
 0001:00001610       ??1PrintDevice@@QAE@XZ     10002610 f i escposPrint.obj
 0001:00001620       ?InitPort@@YAPAXAAVPrintDevice@@@Z 10002620 f   escposPrint.obj
 0001:00001763       ??0bad_alloc@std@@QAE@ABV01@@Z 10002763 f i libcpmt:xthrow.obj
 0001:0000177e       ??0bad_alloc@std@@QAE@XZ   1000277e f i libcpmt:xthrow.obj
 0001:00001796       ??0exception@std@@QAE@ABV01@@Z 10002796 f i libcpmt:xthrow.obj
 0001:000017c2       ??0exception@std@@QAE@QBD@Z 100027c2 f i libcpmt:xthrow.obj
 0001:000017f9       ??0length_error@std@@QAE@ABV01@@Z 100027f9 f i libcpmt:xthrow.obj
 0001:00001814       ??0length_error@std@@QAE@PBD@Z 10002814 f i libcpmt:xthrow.obj
 0001:00001835       ??0logic_error@std@@QAE@ABV01@@Z 10002835 f i libcpmt:xthrow.obj
 0001:00001850       ??0out_of_range@std@@QAE@ABV01@@Z 10002850 f i libcpmt:xthrow.obj
 0001:0000186b       ??0out_of_range@std@@QAE@PBD@Z 1000286b f i libcpmt:xthrow.obj
 0001:0000188c       ??_Ebad_array_new_length@std@@UAEPAXI@Z 1000288c f i LIBCMT:throw_bad_alloc.obj
 0001:0000188c       ??_Eexception@std@@UAEPAXI@Z 1000288c f i libcpmt:xthrow.obj
 0001:0000188c       ??_Elogic_error@std@@UAEPAXI@Z 1000288c f i libcpmt:xthrow.obj
 0001:0000188c       ??_Gbad_alloc@std@@UAEPAXI@Z 1000288c f i libcpmt:xthrow.obj
 0001:0000188c       ??_Gexception@std@@UAEPAXI@Z 1000288c f i libcpmt:xthrow.obj
 0001:0000188c       ??_Ebad_alloc@std@@UAEPAXI@Z 1000288c f i libcpmt:xthrow.obj
 0001:0000188c       ??_Ebad_exception@std@@UAEPAXI@Z 1000288c f i libvcruntime:frame.obj
 0001:0000188c       ??_Gout_of_range@std@@UAEPAXI@Z 1000288c f i libcpmt:xthrow.obj
 0001:0000188c       ??_Gbad_array_new_length@std@@UAEPAXI@Z 1000288c f i LIBCMT:throw_bad_alloc.obj
 0001:0000188c       ??_Gbad_exception@std@@UAEPAXI@Z 1000288c f i libvcruntime:frame.obj
 0001:0000188c       ??_Glogic_error@std@@UAEPAXI@Z 1000288c f i libcpmt:xthrow.obj
 0001:0000188c       ??_Glength_error@std@@UAEPAXI@Z 1000288c f i libcpmt:xthrow.obj
 0001:0000188c       ??_Elength_error@std@@UAEPAXI@Z 1000288c f i libcpmt:xthrow.obj
 0001:0000188c       ??_Eout_of_range@std@@UAEPAXI@Z 1000288c f i libcpmt:xthrow.obj
 0001:000018b9       ?_Xlength_error@std@@YAXPBD@Z 100028b9 f   libcpmt:xthrow.obj
 0001:000018d9       ?_Xout_of_range@std@@YAXPBD@Z 100028d9 f   libcpmt:xthrow.obj
 0001:000018f9       ?what@exception@std@@UBEPBDXZ 100028f9 f i libcpmt:xthrow.obj
 0001:00001906       @__security_check_cookie@4 10002906 f   LIBCMT:_secchk_.obj
 0001:00001917       ??_V@YAXPAX@Z              10002917 f   LIBCMT:delete_array.obj
 0001:0000191c       ??2@YAPAXI@Z               1000291c f   LIBCMT:new_scalar.obj
 0001:0000194f       ??3@YAXPAX@Z               1000294f f   LIBCMT:delete_scalar.obj
 0001:00001954       ??3@YAXPAXI@Z              10002954 f   LIBCMT:delete_scalar_size.obj
 0001:00001962       ??_U@YAPAXI@Z              10002962 f   LIBCMT:new_array.obj
 0001:00001c73       __DllMainCRTStartup@12     10002c73 f   LIBCMT:dll_dllmain.obj
 0001:00001c96       ??_Gtype_info@@UAEPAXI@Z   10002c96 f i LIBCMT:std_type_info_static.obj
 0001:00001c96       ??_Etype_info@@UAEPAXI@Z   10002c96 f i LIBCMT:std_type_info_static.obj
 0001:00001cb9       ___raise_securityfailure   10002cb9 f   LIBCMT:gs_report.obj
 0001:00001ce1       ___report_gsfailure        10002ce1 f   LIBCMT:gs_report.obj
 0001:00001ddc       ??0bad_array_new_length@std@@QAE@ABV01@@Z 10002ddc f i LIBCMT:throw_bad_alloc.obj
 0001:00001df7       ??0bad_array_new_length@std@@QAE@XZ 10002df7 f i LIBCMT:throw_bad_alloc.obj
 0001:00001e0f       ?_Xbad_alloc@std@@YAXXZ    10002e0f f   libcpmt:xthrow.obj
 0001:00001e0f       ?__scrt_throw_std_bad_alloc@@YAXXZ 10002e0f f   LIBCMT:throw_bad_alloc.obj
 0001:00001e2c       ?__scrt_throw_std_bad_array_new_length@@YAXXZ 10002e2c f   LIBCMT:throw_bad_alloc.obj
 0001:00001e8d       ___scrt_acquire_startup_lock 10002e8d f   LIBCMT:utility.obj
 0001:00001ec2       ___scrt_dllmain_after_initialize_c 10002ec2 f   LIBCMT:utility.obj
 0001:00001eed       ___scrt_dllmain_before_initialize_c 10002eed f   LIBCMT:utility.obj
 0001:00001efb       ___scrt_dllmain_crt_thread_attach 10002efb f   LIBCMT:utility.obj
 0001:00001f1a       ___scrt_dllmain_crt_thread_detach 10002f1a f   LIBCMT:utility.obj
 0001:00001f27       ___scrt_dllmain_exception_filter 10002f27 f   LIBCMT:utility.obj
 0001:00001f5a       ___scrt_dllmain_uninitialize_c 10002f5a f   LIBCMT:utility.obj
 0001:00001f7d       ___scrt_dllmain_uninitialize_critical 10002f7d f   LIBCMT:utility.obj
 0001:00001f8a       ___scrt_initialize_crt     10002f8a f   LIBCMT:utility.obj
 0001:00001fc3       ___scrt_initialize_onexit_tables 10002fc3 f   LIBCMT:utility.obj
 0001:0000205a       ___scrt_is_nonwritable_in_current_image 1000305a f   LIBCMT:utility.obj
 0001:000020e4       ___scrt_release_startup_lock 100030e4 f   LIBCMT:utility.obj
 0001:00002101       ___scrt_uninitialize_crt   10003101 f   LIBCMT:utility.obj
 0001:00002129       __onexit                   10003129 f   LIBCMT:utility.obj
 0001:00002164       _atexit                    10003164 f   LIBCMT:utility.obj
 0001:00002179       ___security_init_cookie    10003179 f   LIBCMT:gs_support.obj
 0001:00002215       _DllMain@12                10003215 f   LIBCMT:dll_dllmain_stub.obj
 0001:0000221b       ?__scrt_initialize_type_info@@YAXXZ 1000321b f   LIBCMT:tncleanup.obj
 0001:00002227       ?__scrt_uninitialize_type_info@@YAXXZ 10003227 f   LIBCMT:tncleanup.obj
 0001:00002233       ___local_stdio_scanf_options 10003233 f i LIBCMT:default_local_stdio_options.obj
 0001:00002239       ___scrt_initialize_default_local_stdio_options 10003239 f   LIBCMT:default_local_stdio_options.obj
 0001:00002256       ___scrt_get_dyn_tls_init_callback 10003256 f   LIBCMT:dyn_tls_init.obj
 0001:0000225c       ___scrt_fastfail           1000325c f   LIBCMT:utility_desktop.obj
 0001:00002377       __crt_debugger_hook        10003377 f   LIBCMT:utility_desktop.obj
 0001:0000237f       __RTC_Initialize           1000337f f   LIBCMT:_initsect_.obj
 0001:000023aa       __RTC_Terminate            100033aa f   LIBCMT:_initsect_.obj
 0001:000023d5       @_guard_check_icall@4      100033d5 f i LIBCMT:checkcfg.obj
 0001:000023e0       __SEH_prolog4              100033e0 f   LIBCMT:_sehprolg4_.obj
 0001:00002426       __SEH_epilog4              10003426 f   LIBCMT:_sehprolg4_.obj
 0001:0000243b       ___isa_available_init      1000343b f   LIBCMT:_cpu_disp_.obj
 0001:000025d5       __get_startup_argv_mode    100035d5 f   LIBCMT:argv_mode.obj
 0001:000025d9       ___scrt_is_ucrt_dll_in_use 100035d9 f   LIBCMT:ucrt_detection.obj
 0001:000025f0       _memmove                   100035f0 f   libvcruntime:memmove.obj
 0001:00002b64       ___DestructExceptionObject 10003b64 f   libvcruntime:frame.obj
 0001:00002bf8       ??0bad_exception@std@@QAE@ABV01@@Z 10003bf8 f i libvcruntime:frame.obj
 0001:00002c13       ??0bad_exception@std@@QAE@XZ 10003c13 f i libvcruntime:frame.obj
 0001:00002c2b       ??1length_error@std@@UAE@XZ 10003c2b f i libcpmt:xthrow.obj
 0001:00002c2b       ??1out_of_range@std@@UAE@XZ 10003c2b f i libcpmt:xthrow.obj
 0001:00002c2b       ??1bad_alloc@std@@UAE@XZ   10003c2b f i libcpmt:xthrow.obj
 0001:00002c2b       ??1bad_exception@std@@UAE@XZ 10003c2b f i libvcruntime:frame.obj
 0001:00002c2b       ??1bad_array_new_length@std@@UAE@XZ 10003c2b f i LIBCMT:throw_bad_alloc.obj
 0001:00003455       ?_CallMemberFunction0@@YGXQAX0@Z 10004455 f i libvcruntime:frame.obj
 0001:00003455       ?_CallMemberFunction1@@YGXQAX00@Z 10004455 f i libvcruntime:frame.obj
 0001:00003455       ?_CallMemberFunction2@@YGXQAX00H@Z 10004455 f i libvcruntime:frame.obj
 0001:0000345c       ___AdjustPointer           1000445c f   libvcruntime:frame.obj
 0001:00003481       ___BuildCatchObject        10004481 f   libvcruntime:frame.obj
 0001:00003510       ___BuildCatchObjectHelper  10004510 f   libvcruntime:frame.obj
 0001:0000363e       ___FrameUnwindFilter       1000463e f   libvcruntime:frame.obj
 0001:00003683       ___FrameUnwindToState      10004683 f   libvcruntime:frame.obj
 0001:0000374b       ___InternalCxxFrameHandler 1000474b f   libvcruntime:frame.obj
 0001:00003847       ___TypeMatch               10004847 f   libvcruntime:frame.obj
 0001:000038d5       ___std_exception_copy      100048d5 f   libvcruntime:std_exception.obj
 0001:00003938       ___std_exception_destroy   10004938 f   libvcruntime:std_exception.obj
 0001:00003957       __CxxThrowException@8      10004957 f   libvcruntime:throw.obj
 0001:00003a10       __except_handler4          10004a10 f   libvcruntime:_chandler4_.obj
 0001:00003b76       ___vcrt_initialize         10004b76 f   libvcruntime:initialization.obj
 0001:00003b9f       ___vcrt_thread_attach      10004b9f f   libvcruntime:initialization.obj
 0001:00003baa       ___vcrt_thread_detach      10004baa f   libvcruntime:initialization.obj
 0001:00003bb5       ___vcrt_uninitialize       10004bb5 f   libvcruntime:initialization.obj
 0001:00003bd4       ___vcrt_uninitialize_critical 10004bd4 f   libvcruntime:initialization.obj
 0001:00003bdc       ___std_type_info_compare   10004bdc f   libvcruntime:std_type_info.obj
 0001:00003c18       ___std_type_info_destroy_list 10004c18 f   libvcruntime:std_type_info.obj
 0001:00003c40       _memset                    10004c40 f   libvcruntime:memset.obj
 0001:00003d9a       _unexpected                10004d9a f   libvcruntime:unexpected.obj
 0001:00003db6       ___vcrt_freefls@4          10004db6 f   libvcruntime:per_thread_data.obj
 0001:00003dd2       ___vcrt_freeptd            10004dd2 f   libvcruntime:per_thread_data.obj
 0001:00003e08       ___vcrt_getptd             10004e08 f   libvcruntime:per_thread_data.obj
 0001:00003e16       ___vcrt_getptd_noexit      10004e16 f   libvcruntime:per_thread_data.obj
 0001:00003ea8       ___vcrt_initialize_ptd     10004ea8 f   libvcruntime:per_thread_data.obj
 0001:00003edb       ___vcrt_uninitialize_ptd   10004edb f   libvcruntime:per_thread_data.obj
 0001:00003f00       __CallSettingFrame@12      10004f00 f   libvcruntime:lowhelpr.obj
 0001:00003f27       __NLG_Return               10004f27     libvcruntime:lowhelpr.obj
 0001:00003f4c       ?_CallCatchBlock2@@YAPAXPAUEHRegistrationNode@@PBU_s_FuncInfo@@PAXHK@Z 10004f4c f   libvcruntime:trnsctrl.obj
 0001:00003fac       ?_CallSETranslator@@YAHPAUEHExceptionRecord@@PAUEHRegistrationNode@@PAX2PBU_s_FuncInfo@@H1@Z 10004fac f   libvcruntime:trnsctrl.obj
 0001:00004089       ?_GetRangeOfTrysToCheck@@YAPBU_s_TryBlockMapEntry@@PBU_s_FuncInfo@@HHPAI1@Z 10005089 f   libvcruntime:trnsctrl.obj
 0001:00004101       ?_JumpToContinuation@@YGXPAXPAUEHRegistrationNode@@@Z 10005101 f   libvcruntime:trnsctrl.obj
 0001:00004133       ?_UnwindNestedFrames@@YGXPAUEHRegistrationNode@@PAUEHExceptionRecord@@@Z 10005133 f   libvcruntime:trnsctrl.obj
 0001:00004188       __CatchGuardHandler        10005188 f   libvcruntime:trnsctrl.obj
 0001:000041b9       __CreateFrameInfo          100051b9 f   libvcruntime:trnsctrl.obj
 0001:000041dd       __FindAndUnlinkFrame       100051dd f   libvcruntime:trnsctrl.obj
 0001:00004227       __IsExceptionObjectToBeDestroyed 10005227 f   libvcruntime:trnsctrl.obj
 0001:0000424d       __TranslatorGuardHandler   1000524d f   libvcruntime:trnsctrl.obj
 0001:000042ec       ___CxxFrameHandler3        100052ec f   libvcruntime:trnsctrl.obj
 0001:00004330       __local_unwind4            10005330 f   libvcruntime:_exsup4_.obj
 0001:00004406       __seh_longjmp_unwind4@4    10005406 f   libvcruntime:_exsup4_.obj
 0001:0000442e       @_EH4_CallFilterFunc@8     1000542e f   libvcruntime:_exsup4_.obj
 0001:00004445       @_EH4_TransferToHandler@8  10005445 f   libvcruntime:_exsup4_.obj
 0001:0000445e       @_EH4_GlobalUnwind2@8      1000545e f   libvcruntime:_exsup4_.obj
 0001:00004477       @_EH4_LocalUnwind@16       10005477 f   libvcruntime:_exsup4_.obj
 0001:0000448e       ___vcrt_initialize_locks   1000548e f   libvcruntime:locks.obj
 0001:000044ca       ___vcrt_uninitialize_locks 100054ca f   libvcruntime:locks.obj
 0001:000044f9       ??$__crt_fast_encode_pointer@PAX@@YAPAXQAX@Z 100054f9 f i libvcruntime:winapi_downlevel.obj
 0001:000044f9       ??$__crt_fast_encode_pointer@PAP6AXXZ@@YAPAP6AXXZQAP6AXXZ@Z 100054f9 f i LIBCMT:utility.obj
 0001:00004637       ___vcrt_FlsAlloc           10005637 f   libvcruntime:winapi_downlevel.obj
 0001:00004671       ___vcrt_FlsFree            10005671 f   libvcruntime:winapi_downlevel.obj
 0001:000046ab       ___vcrt_FlsGetValue        100056ab f   libvcruntime:winapi_downlevel.obj
 0001:000046e5       ___vcrt_FlsSetValue        100056e5 f   libvcruntime:winapi_downlevel.obj
 0001:00004722       ___vcrt_InitializeCriticalSectionEx 10005722 f   libvcruntime:winapi_downlevel.obj
 0001:00004768       ___vcrt_initialize_winapi_thunks 10005768 f   libvcruntime:winapi_downlevel.obj
 0001:000047a2       ___vcrt_uninitialize_winapi_thunks 100057a2 f   libvcruntime:winapi_downlevel.obj
 0001:000047d4       ___vcrt_initialize_pure_virtual_call_handler 100057d4 f   libvcruntime:purevirt_data.obj
 0001:00004800       __global_unwind2           10005800 f   libvcruntime:_exsup_.obj
 0001:00004865       __local_unwind2            10005865 f   libvcruntime:_exsup_.obj
 0001:000048e9       __abnormal_termination     100058e9 f   libvcruntime:_exsup_.obj
 0001:0000490c       __NLG_Notify1              1000590c f   libvcruntime:_exsup_.obj
 0001:00004915       __NLG_Notify               10005915 f   libvcruntime:_exsup_.obj
 0001:0000492c       __NLG_Dispatch             1000592c     libvcruntime:_exsup_.obj
 0001:0000492c       __NLG_Dispatch2            1000592c     libvcruntime:_exsup_.obj
 0001:00004934       __NLG_Call                 10005934 f   libvcruntime:_exsup_.obj
 0001:00004936       __NLG_Return2              10005936     libvcruntime:_exsup_.obj
 0001:00004937       ___acrt_initialize_stdio   10005937 f   libucrt:_file.obj
 0001:000049ff       ___acrt_iob_func           100059ff f   libucrt:_file.obj
 0001:00004a0f       ___acrt_uninitialize_stdio 10005a0f f   libucrt:_file.obj
 0001:00004a5b       __lock_file                10005a5b f   libucrt:_file.obj
 0001:00004a6f       __unlock_file              10005a6f f   libucrt:_file.obj
 0001:00004a83       ??$?RV<lambda_5be909dfbae0a631386585770cd7b676>@@AAV<lambda_e516058a9c289d98c8ca9fea99247804>@@V<lambda_afe2e0cdc5e0ecf6f0d6f5e2f8985e38>@@@?$__crt_seh_guarded_call@H@@QAEH$$QAV<lambda_5be909dfbae0a631386585770cd7b676>@@AAV<lambda_e516058a9c289d98c8ca9fea99247804>@@$$QAV<lambda_afe2e0cdc5e0ecf6f0d6f5e2f8985e38>@@@Z 10005a83 f i libucrt:output.obj
 0001:00004ad4       ??$?RV<lambda_db08b09ef7aa9d4f8620ce68402612bc>@@AAV<lambda_4f2c1eaeead2a5fc776db5b62ea0fb9b>@@V<lambda_3ae262bc35d4ba6a3825c4f6bcaaf95c>@@@?$__crt_seh_guarded_call@H@@QAEH$$QAV<lambda_db08b09ef7aa9d4f8620ce68402612bc>@@AAV<lambda_4f2c1eaeead2a5fc776db5b62ea0fb9b>@@$$QAV<lambda_3ae262bc35d4ba6a3825c4f6bcaaf95c>@@@Z 10005ad4 f i libucrt:output.obj
 0001:00004b25       ??$__acrt_lock_stream_and_call@V<lambda_4f2c1eaeead2a5fc776db5b62ea0fb9b>@@@@YAHQAU_iobuf@@$$QAV<lambda_4f2c1eaeead2a5fc776db5b62ea0fb9b>@@@Z 10005b25 f i libucrt:output.obj
 0001:00004b4d       ??$__acrt_lock_stream_and_call@V<lambda_e516058a9c289d98c8ca9fea99247804>@@@@YAHQAU_iobuf@@$$QAV<lambda_e516058a9c289d98c8ca9fea99247804>@@@Z 10005b4d f i libucrt:output.obj
 0001:00004b75       ??$count@D@formatting_buffer@__crt_stdio_output@@QBEIXZ 10005b75 f i libucrt:output.obj
 0001:00004b8d       ??$ensure_buffer_is_big_enough@D@formatting_buffer@__crt_stdio_output@@QAE_NI@Z 10005b8d f i libucrt:output.obj
 0001:00004c13       ??$is_wide_character_specifier@D@__crt_stdio_output@@YA_N_KDW4length_modifier@0@@Z 10005c13 f i libucrt:output.obj
 0001:00004c53       ??$scratch_data@D@formatting_buffer@__crt_stdio_output@@QAEPADXZ 10005c53 f i libucrt:output.obj
 0001:00004c71       ??$type_case_integer_parse_into_buffer@I@?$output_processor@DV?$stream_output_adapter@D@__crt_stdio_output@@V?$standard_base@DV?$stream_output_adapter@D@__crt_stdio_output@@@2@@__crt_stdio_output@@AAEXII_N@Z 10005c71 f i libucrt:output.obj
 0001:00004c71       ??$type_case_integer_parse_into_buffer@I@?$output_processor@DV?$stream_output_adapter@D@__crt_stdio_output@@V?$format_validation_base@DV?$stream_output_adapter@D@__crt_stdio_output@@@2@@__crt_stdio_output@@AAEXII_N@Z 10005c71 f i libucrt:output.obj
 0001:00004ce6       ??$type_case_integer_parse_into_buffer@_K@?$output_processor@DV?$stream_output_adapter@D@__crt_stdio_output@@V?$standard_base@DV?$stream_output_adapter@D@__crt_stdio_output@@@2@@__crt_stdio_output@@AAEX_KI_N@Z 10005ce6 f i libucrt:output.obj
 0001:00004ce6       ??$type_case_integer_parse_into_buffer@_K@?$output_processor@DV?$stream_output_adapter@D@__crt_stdio_output@@V?$format_validation_base@DV?$stream_output_adapter@D@__crt_stdio_output@@@2@@__crt_stdio_output@@AAEX_KI_N@Z 10005ce6 f i libucrt:output.obj
 0001:00004d6e       ??$write_multiple_characters@V?$stream_output_adapter@D@__crt_stdio_output@@D@__crt_stdio_output@@YAXABV?$stream_output_adapter@D@0@DHQAH@Z 10005d6e f i libucrt:output.obj
 0001:00004d9a       ??0?$common_data@D@__crt_stdio_output@@IAE@XZ 10005d9a f i libucrt:output.obj
 0001:00004de1       ??0?$output_adapter_data@DV?$stream_output_adapter@D@__crt_stdio_output@@@__crt_stdio_output@@IAE@ABV?$stream_output_adapter@D@1@_KQBDQAU__crt_locale_pointers@@QAD@Z 10005de1 f i libucrt:output.obj
 0001:00004e1d       ??0?$output_processor@DV?$stream_output_adapter@D@__crt_stdio_output@@V?$format_validation_base@DV?$stream_output_adapter@D@__crt_stdio_output@@@2@@__crt_stdio_output@@QAE@ABV?$stream_output_adapter@D@1@_KQBDQAU__crt_locale_pointers@@QAD@Z 10005e1d f i libucrt:output.obj
 0001:00004e1d       ??0?$output_processor@DV?$stream_output_adapter@D@__crt_stdio_output@@V?$standard_base@DV?$stream_output_adapter@D@__crt_stdio_output@@@2@@__crt_stdio_output@@QAE@ABV?$stream_output_adapter@D@1@_KQBDQAU__crt_locale_pointers@@QAD@Z 10005e1d f i libucrt:output.obj
 0001:00004e52       ??0_LocaleUpdate@@QAE@QAU__crt_locale_pointers@@@Z 10005e52 f i libucrt:output.obj
 0001:00004ed5       ??1formatting_buffer@__crt_stdio_output@@QAE@XZ 10005ed5 f i libucrt:output.obj
 0001:00004eef       ??4?$__crt_unique_heap_ptr@DU__crt_internal_free_policy@@@@QAEAAV0@$$QAV0@@Z 10005eef f i libucrt:output.obj
 0001:0000508d       ?crop_zeroes@__crt_stdio_output@@YAXPADQAU__crt_locale_pointers@@@Z 1000608d f i libucrt:output.obj
 0001:000050e4       ?find_next_state@?$output_processor@DV?$stream_output_adapter@D@__crt_stdio_output@@V?$format_validation_base@DV?$stream_output_adapter@D@__crt_stdio_output@@@2@@__crt_stdio_output@@ABE?AW4state@2@DW432@@Z 100060e4 f i libucrt:output.obj
 0001:00005119       ?find_next_state@?$output_processor@DV?$stream_output_adapter@D@__crt_stdio_output@@V?$standard_base@DV?$stream_output_adapter@D@__crt_stdio_output@@@2@@__crt_stdio_output@@ABE?AW4state@2@DW432@@Z 10006119 f i libucrt:output.obj
 0001:0000514b       ?force_decimal_point@__crt_stdio_output@@YAXPADQAU__crt_locale_pointers@@@Z 1000614b f i libucrt:output.obj
 0001:000051a7       ?parse_int_from_format_string@?$output_processor@DV?$stream_output_adapter@D@__crt_stdio_output@@V?$format_validation_base@DV?$stream_output_adapter@D@__crt_stdio_output@@@2@@__crt_stdio_output@@AAE_NQAH@Z 100061a7 f i libucrt:output.obj
 0001:000051a7       ?parse_int_from_format_string@?$output_processor@DV?$stream_output_adapter@D@__crt_stdio_output@@V?$standard_base@DV?$stream_output_adapter@D@__crt_stdio_output@@@2@@__crt_stdio_output@@AAE_NQAH@Z 100061a7 f i libucrt:output.obj
 0001:00005203       ?process@?$output_processor@DV?$stream_output_adapter@D@__crt_stdio_output@@V?$format_validation_base@DV?$stream_output_adapter@D@__crt_stdio_output@@@2@@__crt_stdio_output@@QAEHXZ 10006203 f i libucrt:output.obj
 0001:0000532b       ?process@?$output_processor@DV?$stream_output_adapter@D@__crt_stdio_output@@V?$standard_base@DV?$stream_output_adapter@D@__crt_stdio_output@@@2@@__crt_stdio_output@@QAEHXZ 1000632b f i libucrt:output.obj
 0001:00005447       ?state_case_flag@?$output_processor@DV?$stream_output_adapter@D@__crt_stdio_output@@V?$standard_base@DV?$stream_output_adapter@D@__crt_stdio_output@@@2@@__crt_stdio_output@@AAE_NXZ 10006447 f i libucrt:output.obj
 0001:00005447       ?state_case_flag@?$output_processor@DV?$stream_output_adapter@D@__crt_stdio_output@@V?$format_validation_base@DV?$stream_output_adapter@D@__crt_stdio_output@@@2@@__crt_stdio_output@@AAE_NXZ 10006447 f i libucrt:output.obj
 0001:00005484       ?state_case_normal@?$output_processor@DV?$stream_output_adapter@D@__crt_stdio_output@@V?$format_validation_base@DV?$stream_output_adapter@D@__crt_stdio_output@@@2@@__crt_stdio_output@@AAE_NXZ 10006484 f i libucrt:output.obj
 0001:00005484       ?state_case_normal@?$output_processor@DV?$stream_output_adapter@D@__crt_stdio_output@@V?$standard_base@DV?$stream_output_adapter@D@__crt_stdio_output@@@2@@__crt_stdio_output@@AAE_NXZ 10006484 f i libucrt:output.obj
 0001:000054a3       ?state_case_normal_common@?$output_processor@DV?$stream_output_adapter@D@__crt_stdio_output@@V?$format_validation_base@DV?$stream_output_adapter@D@__crt_stdio_output@@@2@@__crt_stdio_output@@AAE_NXZ 100064a3 f i libucrt:output.obj
 0001:000054a3       ?state_case_normal_common@?$output_processor@DV?$stream_output_adapter@D@__crt_stdio_output@@V?$standard_base@DV?$stream_output_adapter@D@__crt_stdio_output@@@2@@__crt_stdio_output@@AAE_NXZ 100064a3 f i libucrt:output.obj
 0001:000054cd       ?state_case_normal_tchar@?$output_processor@DV?$stream_output_adapter@D@__crt_stdio_output@@V?$format_validation_base@DV?$stream_output_adapter@D@__crt_stdio_output@@@2@@__crt_stdio_output@@AAE_ND@Z 100064cd f i libucrt:output.obj
 0001:000054cd       ?state_case_normal_tchar@?$output_processor@DV?$stream_output_adapter@D@__crt_stdio_output@@V?$standard_base@DV?$stream_output_adapter@D@__crt_stdio_output@@@2@@__crt_stdio_output@@AAE_ND@Z 100064cd f i libucrt:output.obj
 0001:0000552e       ?state_case_precision@?$output_processor@DV?$stream_output_adapter@D@__crt_stdio_output@@V?$standard_base@DV?$stream_output_adapter@D@__crt_stdio_output@@@2@@__crt_stdio_output@@AAE_NXZ 1000652e f i libucrt:output.obj
 0001:0000552e       ?state_case_precision@?$output_processor@DV?$stream_output_adapter@D@__crt_stdio_output@@V?$format_validation_base@DV?$stream_output_adapter@D@__crt_stdio_output@@@2@@__crt_stdio_output@@AAE_NXZ 1000652e f i libucrt:output.obj
 0001:00005556       ?state_case_size@?$output_processor@DV?$stream_output_adapter@D@__crt_stdio_output@@V?$standard_base@DV?$stream_output_adapter@D@__crt_stdio_output@@@2@@__crt_stdio_output@@AAE_NXZ 10006556 f i libucrt:output.obj
 0001:00005556       ?state_case_size@?$output_processor@DV?$stream_output_adapter@D@__crt_stdio_output@@V?$format_validation_base@DV?$stream_output_adapter@D@__crt_stdio_output@@@2@@__crt_stdio_output@@AAE_NXZ 10006556 f i libucrt:output.obj
 0001:000056bf       ?state_case_type@?$output_processor@DV?$stream_output_adapter@D@__crt_stdio_output@@V?$format_validation_base@DV?$stream_output_adapter@D@__crt_stdio_output@@@2@@__crt_stdio_output@@AAE_NXZ 100066bf f i libucrt:output.obj
 0001:000056bf       ?state_case_type@?$output_processor@DV?$stream_output_adapter@D@__crt_stdio_output@@V?$standard_base@DV?$stream_output_adapter@D@__crt_stdio_output@@@2@@__crt_stdio_output@@AAE_NXZ 100066bf f i libucrt:output.obj
 0001:000058ee       ?state_case_width@?$output_processor@DV?$stream_output_adapter@D@__crt_stdio_output@@V?$standard_base@DV?$stream_output_adapter@D@__crt_stdio_output@@@2@@__crt_stdio_output@@AAE_NXZ 100068ee f i libucrt:output.obj
 0001:000058ee       ?state_case_width@?$output_processor@DV?$stream_output_adapter@D@__crt_stdio_output@@V?$format_validation_base@DV?$stream_output_adapter@D@__crt_stdio_output@@@2@@__crt_stdio_output@@AAE_NXZ 100068ee f i libucrt:output.obj
 0001:00005919       ?to_integer_size@__crt_stdio_output@@YAIW4length_modifier@1@@Z 10006919 f i libucrt:output.obj
 0001:00005975       ?type_case_Z@?$output_processor@DV?$stream_output_adapter@D@__crt_stdio_output@@V?$standard_base@DV?$stream_output_adapter@D@__crt_stdio_output@@@2@@__crt_stdio_output@@AAE_NXZ 10006975 f i libucrt:output.obj
 0001:00005975       ?type_case_Z@?$output_processor@DV?$stream_output_adapter@D@__crt_stdio_output@@V?$format_validation_base@DV?$stream_output_adapter@D@__crt_stdio_output@@@2@@__crt_stdio_output@@AAE_NXZ 10006975 f i libucrt:output.obj
 0001:000059d8       ?type_case_a@?$output_processor@DV?$stream_output_adapter@D@__crt_stdio_output@@V?$standard_base@DV?$stream_output_adapter@D@__crt_stdio_output@@@2@@__crt_stdio_output@@AAE_NXZ 100069d8 f i libucrt:output.obj
 0001:000059d8       ?type_case_a@?$output_processor@DV?$stream_output_adapter@D@__crt_stdio_output@@V?$format_validation_base@DV?$stream_output_adapter@D@__crt_stdio_output@@@2@@__crt_stdio_output@@AAE_NXZ 100069d8 f i libucrt:output.obj
 0001:00005b32       ?type_case_c_tchar@?$output_processor@DV?$stream_output_adapter@D@__crt_stdio_output@@V?$format_validation_base@DV?$stream_output_adapter@D@__crt_stdio_output@@@2@@__crt_stdio_output@@AAE_ND@Z 10006b32 f i libucrt:output.obj
 0001:00005b32       ?type_case_c_tchar@?$output_processor@DV?$stream_output_adapter@D@__crt_stdio_output@@V?$standard_base@DV?$stream_output_adapter@D@__crt_stdio_output@@@2@@__crt_stdio_output@@AAE_ND@Z 10006b32 f i libucrt:output.obj
 0001:00005bc2       ?type_case_integer@?$output_processor@DV?$stream_output_adapter@D@__crt_stdio_output@@V?$format_validation_base@DV?$stream_output_adapter@D@__crt_stdio_output@@@2@@__crt_stdio_output@@AAE_NI_N@Z 10006bc2 f i libucrt:output.obj
 0001:00005bc2       ?type_case_integer@?$output_processor@DV?$stream_output_adapter@D@__crt_stdio_output@@V?$standard_base@DV?$stream_output_adapter@D@__crt_stdio_output@@@2@@__crt_stdio_output@@AAE_NI_N@Z 10006bc2 f i libucrt:output.obj
 0001:00005d0c       ?type_case_n@?$output_processor@DV?$stream_output_adapter@D@__crt_stdio_output@@V?$format_validation_base@DV?$stream_output_adapter@D@__crt_stdio_output@@@2@@__crt_stdio_output@@AAE_NXZ 10006d0c f i libucrt:output.obj
 0001:00005d0c       ?type_case_n@?$output_processor@DV?$stream_output_adapter@D@__crt_stdio_output@@V?$standard_base@DV?$stream_output_adapter@D@__crt_stdio_output@@@2@@__crt_stdio_output@@AAE_NXZ 10006d0c f i libucrt:output.obj
 0001:00005d80       ?type_case_o@?$output_processor@DV?$stream_output_adapter@D@__crt_stdio_output@@V?$standard_base@DV?$stream_output_adapter@D@__crt_stdio_output@@@2@@__crt_stdio_output@@AAE_NXZ 10006d80 f i libucrt:output.obj
 0001:00005d80       ?type_case_o@?$output_processor@DV?$stream_output_adapter@D@__crt_stdio_output@@V?$format_validation_base@DV?$stream_output_adapter@D@__crt_stdio_output@@@2@@__crt_stdio_output@@AAE_NXZ 10006d80 f i libucrt:output.obj
 0001:00005d9f       ?type_case_p@?$output_processor@DV?$stream_output_adapter@D@__crt_stdio_output@@V?$format_validation_base@DV?$stream_output_adapter@D@__crt_stdio_output@@@2@@__crt_stdio_output@@AAE_NXZ 10006d9f f i libucrt:output.obj
 0001:00005d9f       ?type_case_p@?$output_processor@DV?$stream_output_adapter@D@__crt_stdio_output@@V?$standard_base@DV?$stream_output_adapter@D@__crt_stdio_output@@@2@@__crt_stdio_output@@AAE_NXZ 10006d9f f i libucrt:output.obj
 0001:00005db7       ?type_case_s@?$output_processor@DV?$stream_output_adapter@D@__crt_stdio_output@@V?$standard_base@DV?$stream_output_adapter@D@__crt_stdio_output@@@2@@__crt_stdio_output@@AAE_NXZ 10006db7 f i libucrt:output.obj
 0001:00005db7       ?type_case_s@?$output_processor@DV?$stream_output_adapter@D@__crt_stdio_output@@V?$format_validation_base@DV?$stream_output_adapter@D@__crt_stdio_output@@@2@@__crt_stdio_output@@AAE_NXZ 10006db7 f i libucrt:output.obj
 0001:00005e2a       ?validate@?$stream_output_adapter@D@__crt_stdio_output@@QBE_NXZ 10006e2a f i libucrt:output.obj
 0001:00005e4b       ?validate_and_update_state_at_end_of_format_string@?$format_validation_base@DV?$stream_output_adapter@D@__crt_stdio_output@@@__crt_stdio_output@@IBE_NXZ 10006e4b f i libucrt:output.obj
 0001:00005e6d       ?validate_stream_is_ansi_if_required@?$__acrt_stdio_char_traits@D@@SA_NQAU_iobuf@@@Z 10006e6d f i libucrt:output.obj
 0001:00005eef       ?write_character@?$stream_output_adapter@D@__crt_stdio_output@@QBEXDQAH@Z 10006eef f i libucrt:output.obj
 0001:00005f2c       ?write_stored_string_tchar@?$output_processor@DV?$stream_output_adapter@D@__crt_stdio_output@@V?$standard_base@DV?$stream_output_adapter@D@__crt_stdio_output@@@2@@__crt_stdio_output@@AAE_ND@Z 10006f2c f i libucrt:output.obj
 0001:00005f2c       ?write_stored_string_tchar@?$output_processor@DV?$stream_output_adapter@D@__crt_stdio_output@@V?$format_validation_base@DV?$stream_output_adapter@D@__crt_stdio_output@@@2@@__crt_stdio_output@@AAE_ND@Z 10006f2c f i libucrt:output.obj
 0001:00005fd3       ?write_string@?$stream_output_adapter@D@__crt_stdio_output@@QBEXQBDHQAH1@Z 10006fd3 f i libucrt:output.obj
 0001:0000605d       ___stdio_common_vfprintf   1000705d f   libucrt:output.obj
 0001:000060d4       ___stdio_common_vfprintf_s 100070d4 f   libucrt:output.obj
 0001:0000614b       _free                      1000714b f   libucrt:free.obj
 0001:00006150       ___acrt_call_reportfault   10007150 f   libucrt:invalid_parameter.obj
 0001:0000628b       ___acrt_initialize_invalid_parameter_handler 1000728b f   libucrt:invalid_parameter.obj
 0001:0000629f       __invalid_parameter        1000729f f   libucrt:invalid_parameter.obj
 0001:0000631a       __invalid_parameter_noinfo 1000731a f   libucrt:invalid_parameter.obj
 0001:0000632a       __invalid_parameter_noinfo_noreturn 1000732a f   libucrt:invalid_parameter.obj
 0001:00006347       __invoke_watson            10007347 f   libucrt:invalid_parameter.obj
 0001:0000637a       _malloc                    1000737a f   libucrt:malloc.obj
 0001:00006385       ___acrt_initialize_new_handler 10007385 f   libucrt:new_handler.obj
 0001:00006399       __callnewh                 10007399 f   libucrt:new_handler.obj
 0001:000063dd       __query_new_handler        100073dd f   libucrt:new_handler.obj
 0001:0000642f       __initterm                 1000742f f   libucrt:initterm.obj
 0001:0000648b       __initterm_e               1000748b f   libucrt:initterm.obj
 0001:000064d0       __seh_filter_dll           100074d0 f   libucrt:exception_filter.obj
 0001:000064f0       __seh_filter_exe           100074f0 f   libucrt:exception_filter.obj
 0001:0000687e       ___acrt_initialize_thread_local_exit_callback 1000787e f   libucrt:exit.obj
 0001:0000688d       __cexit                    1000788d f   libucrt:exit.obj
 0001:0000689c       __exit                     1000789c f   libucrt:exit.obj
 0001:000068b2       __is_c_termination_complete 100078b2 f   libucrt:exit.obj
 0001:00006b51       ___acrt_allocate_buffer_for_argv 10007b51 f   libucrt:argv_parsing.obj
 0001:00006ba6       __configure_narrow_argv    10007ba6 f   libucrt:argv_parsing.obj
 0001:00006d0a       ??$uninitialize@A6AXAAPAPA_W@Z@?$dual_state_global@PAPA_W@__crt_state_management@@QAEXA6AXAAPAPA_W@Z@Z 10007d0a f i libucrt:environment_initialization.obj
 0001:00006d0a       ??$uninitialize@A6AXAAPAPAD@Z@?$dual_state_global@PAPAD@__crt_state_management@@QAEXA6AXAAPAPAD@Z@Z 10007d0a f i libucrt:environment_initialization.obj
 0001:00006d80       ___dcrt_uninitialize_environments_nolock 10007d80 f   libucrt:environment_initialization.obj
 0001:00006db7       __initialize_narrow_environment 10007db7 f   libucrt:environment_initialization.obj
 0001:00006dbc       ??$?RV<lambda_800076c951b434888f4765a74a194fcc>@@AAV<lambda_4e60a939b0d047cfe11ddc22648dfba9>@@V<lambda_6dbb1268764f43b569ce7b67e331d33a>@@@?$__crt_seh_guarded_call@H@@QAEH$$QAV<lambda_800076c951b434888f4765a74a194fcc>@@AAV<lambda_4e60a939b0d047cfe11ddc22648dfba9>@@$$QAV<lambda_6dbb1268764f43b569ce7b67e331d33a>@@@Z 10007dbc f i libucrt:onexit.obj
 0001:00006e0d       ??$?RV<lambda_995298e7d72eb4c2aab26c0585b3abe5>@@AAV<lambda_275893d493268fdec8709772e3fcec0e>@@V<lambda_293819299cbf9a7022e18b56a874bb5c>@@@?$__crt_seh_guarded_call@H@@QAEH$$QAV<lambda_995298e7d72eb4c2aab26c0585b3abe5>@@AAV<lambda_275893d493268fdec8709772e3fcec0e>@@$$QAV<lambda_293819299cbf9a7022e18b56a874bb5c>@@@Z 10007e0d f i libucrt:onexit.obj
 0001:00006e5e       ??$__acrt_lock_and_call@V<lambda_275893d493268fdec8709772e3fcec0e>@@@@YAHW4__acrt_lock_id@@$$QAV<lambda_275893d493268fdec8709772e3fcec0e>@@@Z 10007e5e f i libucrt:onexit.obj
 0001:00006e86       ??$__acrt_lock_and_call@V<lambda_4e60a939b0d047cfe11ddc22648dfba9>@@@@YAHW4__acrt_lock_id@@$$QAV<lambda_4e60a939b0d047cfe11ddc22648dfba9>@@@Z 10007e86 f i libucrt:onexit.obj
 0001:00006eae       ??$__crt_fast_encode_pointer@P6AHXZ@@YAP6AHXZQ6AHXZ@Z 10007eae f i libucrt:onexit.obj
 0001:0000712e       __crt_atexit               1000812e f   libucrt:onexit.obj
 0001:00007144       __execute_onexit_table     10008144 f   libucrt:onexit.obj
 0001:00007161       __initialize_onexit_table  10008161 f   libucrt:onexit.obj
 0001:0000719e       __register_onexit_function 1000819e f   libucrt:onexit.obj
 0001:000071f6       ___acrt_uninitialize_command_line 100081f6 f   libucrt:argv_data.obj
 0001:000072b6       ___acrt_initialize         100082b6 f   libucrt:initialization.obj
 0001:000072c8       ___acrt_thread_attach      100082c8 f   libucrt:initialization.obj
 0001:000072d3       ___acrt_thread_detach      100082d3 f   libucrt:initialization.obj
 0001:000072db       ___acrt_uninitialize       100082db f   libucrt:initialization.obj
 0001:000072ed       ___acrt_uninitialize_critical 100082ed f   libucrt:initialization.obj
 0001:000072ff       _terminate                 100082ff f   libucrt:terminate.obj
 0001:0000733b       _strcpy_s                  1000833b f   libucrt:strcpy_s.obj
 0001:00007395       __free_base                10008395 f   libucrt:free_base.obj
 0001:000073cf       __malloc_base              100083cf f   libucrt:malloc_base.obj
 0001:0000741d       _abort                     1000841d f   libucrt:abort.obj
 0001:00007460       __calloc_base              10008460 f   libucrt:calloc_base.obj
 0001:000074bd       ??$is_overflow_condition@K@__crt_strtox@@YA_NIK@Z 100084bd f i libucrt:atox.obj
 0001:000074f0       ??$parse_integer@KV?$c_string_character_source@D@__crt_strtox@@@__crt_strtox@@YAKQAU__crt_locale_pointers@@V?$c_string_character_source@D@0@H_N@Z 100084f0 f i libucrt:atox.obj
 0001:00007718       ?unget@?$c_string_character_source@D@__crt_strtox@@QAEXD@Z 10008718 f i libucrt:atox.obj
 0001:00007740       ?validate@?$c_string_character_source@D@__crt_strtox@@QBE_NXZ 10008740 f i libucrt:atox.obj
 0001:0000775b       __chvalidchk_l             1000875b f i libucrt:atox.obj
 0001:00007785       __ischartype_l             10008785 f i libucrt:atox.obj
 0001:000077b8       ___acrt_errno_from_os_error 100087b8 f   libucrt:errno.obj
 0001:000077fb       ___acrt_errno_map_os_error 100087fb f   libucrt:errno.obj
 0001:0000781e       ___doserrno                1000881e f   libucrt:errno.obj
 0001:00007831       __errno                    10008831 f   libucrt:errno.obj
 0001:0000795b       ___acrt_FlsAlloc@4         1000895b f   libucrt:winapi_thunks.obj
 0001:000079b1       ___acrt_FlsFree@4          100089b1 f   libucrt:winapi_thunks.obj
 0001:00007a07       ___acrt_FlsGetValue@4      10008a07 f   libucrt:winapi_thunks.obj
 0001:00007a5d       ___acrt_FlsSetValue@8      10008a5d f   libucrt:winapi_thunks.obj
 0001:00007ab6       ___acrt_InitializeCriticalSectionEx@12 10008ab6 f   libucrt:winapi_thunks.obj
 0001:00007b18       ___acrt_LCMapStringEx@36   10008b18 f   libucrt:winapi_thunks.obj
 0001:00007ba0       ___acrt_LocaleNameToLCID@8 10008ba0 f   libucrt:winapi_thunks.obj
 0001:00007bfc       ___acrt_initialize_winapi_thunks 10008bfc f   libucrt:winapi_thunks.obj
 0001:00007c22       ___acrt_is_packaged_app    10008c22 f   libucrt:winapi_thunks.obj
 0001:00007ca9       ___acrt_uninitialize_winapi_thunks 10008ca9 f   libucrt:winapi_thunks.obj
 0001:00007cdf       __fcloseall                10008cdf f   libucrt:closeall.obj
 0001:00007d7f       ___acrt_stdio_flush_nolock 10008d7f f   libucrt:fflush.obj
 0001:00007de5       __fflush_nolock            10008de5 f   libucrt:fflush.obj
 0001:00007e2c       __flushall                 10008e2c f   libucrt:fflush.obj
 0001:00007f0d       ___acrt_stdio_free_buffer_nolock 10008f0d f   libucrt:_freebuf.obj
 0001:000080b7       ___acrt_initialize_lowio   100090b7 f   libucrt:ioinit.obj
 0001:0000810d       ___acrt_uninitialize_lowio 1000910d f   libucrt:ioinit.obj
 0001:00008139       __isdigit_l                10009139 f i libucrt:_ctype.obj
 0001:00008171       _isdigit                   10009171 f i libucrt:_ctype.obj
 0001:00008305       __tolower_l                10009305 f   libucrt:tolower_toupper.obj
 0001:0000831f       _tolower                   1000931f f   libucrt:tolower_toupper.obj
 0001:0000834f       ??$make_c_string_character_source@DPAPAD@__crt_strtox@@YA?AV?$c_string_character_source@D@0@QBDQAPAD@Z 1000934f f i libucrt:strtox.obj
 0001:0000836a       _strtol                    1000936a f   libucrt:strtox.obj
 0001:00008396       __mbtowc_l                 10009396 f   libucrt:mbtowc.obj
 0001:00008490       _mbtowc                    10009490 f   libucrt:mbtowc.obj
 0001:000084aa       __wctomb_s_l               100094aa f   libucrt:wctomb.obj
 0001:000085cb       _wctomb_s                  100095cb f   libucrt:wctomb.obj
 0001:000085e8       _strnlen                   100095e8 f   libucrt:strnlen.obj
 0001:0000870f       _wcsnlen                   1000970f f   libucrt:strnlen.obj
 0001:000088c6       ??$?RV<lambda_3518db117f0e7cdb002338c5d3c47b6c>@@AAV<lambda_b2ea41f6bbb362cd97d94c6828d90b61>@@V<lambda_abdedf541bb04549bc734292b4a045d4>@@@?$__crt_seh_guarded_call@X@@QAEX$$QAV<lambda_3518db117f0e7cdb002338c5d3c47b6c>@@AAV<lambda_b2ea41f6bbb362cd97d94c6828d90b61>@@$$QAV<lambda_abdedf541bb04549bc734292b4a045d4>@@@Z 100098c6 f i libucrt:per_thread_data.obj
 0001:00008916       ??$?RV<lambda_51b6e8b1eb166f2a3faf91f424b38130>@@AAV<lambda_6250bd4b2a391816dd638c3bf72b0bcb>@@V<lambda_0b5a4a3e68152e1d9b943535f5f47bed>@@@?$__crt_seh_guarded_call@X@@QAEX$$QAV<lambda_51b6e8b1eb166f2a3faf91f424b38130>@@AAV<lambda_6250bd4b2a391816dd638c3bf72b0bcb>@@$$QAV<lambda_0b5a4a3e68152e1d9b943535f5f47bed>@@@Z 10009916 f i libucrt:per_thread_data.obj
 0001:00008977       ??$?RV<lambda_5b71d36f03204c0beab531769a5b5694>@@AAV<lambda_be2b3da3f62db62e9dad5dc70221a656>@@V<lambda_8f9ce462984622f9bf76b59e2aaaf805>@@@?$__crt_seh_guarded_call@X@@QAEX$$QAV<lambda_5b71d36f03204c0beab531769a5b5694>@@AAV<lambda_be2b3da3f62db62e9dad5dc70221a656>@@$$QAV<lambda_8f9ce462984622f9bf76b59e2aaaf805>@@@Z 10009977 f i libucrt:per_thread_data.obj
 0001:000089c2       ??$?RV<lambda_9df27f884b057bc3edfc946cb5b7cf47>@@AAV<lambda_e69574bed617af4e071282c136b37893>@@V<lambda_cc0d902bcbbeb830f749456577db4721>@@@?$__crt_seh_guarded_call@X@@QAEX$$QAV<lambda_9df27f884b057bc3edfc946cb5b7cf47>@@AAV<lambda_e69574bed617af4e071282c136b37893>@@$$QAV<lambda_cc0d902bcbbeb830f749456577db4721>@@@Z 100099c2 f i libucrt:per_thread_data.obj
 0001:00008a0a       ??$__acrt_lock_and_call@V<lambda_6250bd4b2a391816dd638c3bf72b0bcb>@@@@YAXW4__acrt_lock_id@@$$QAV<lambda_6250bd4b2a391816dd638c3bf72b0bcb>@@@Z 10009a0a f i libucrt:per_thread_data.obj
 0001:00008a32       ??$__acrt_lock_and_call@V<lambda_b2ea41f6bbb362cd97d94c6828d90b61>@@@@YAXW4__acrt_lock_id@@$$QAV<lambda_b2ea41f6bbb362cd97d94c6828d90b61>@@@Z 10009a32 f i libucrt:per_thread_data.obj
 0001:00008a5a       ??$__acrt_lock_and_call@V<lambda_be2b3da3f62db62e9dad5dc70221a656>@@@@YAXW4__acrt_lock_id@@$$QAV<lambda_be2b3da3f62db62e9dad5dc70221a656>@@@Z 10009a5a f i libucrt:per_thread_data.obj
 0001:00008a82       ??$__acrt_lock_and_call@V<lambda_e69574bed617af4e071282c136b37893>@@@@YAXW4__acrt_lock_id@@$$QAV<lambda_e69574bed617af4e071282c136b37893>@@@Z 10009a82 f i libucrt:per_thread_data.obj
 0001:00008c38       ___acrt_freeptd            10009c38 f   libucrt:per_thread_data.obj
 0001:00008c64       ___acrt_getptd             10009c64 f   libucrt:per_thread_data.obj
 0001:00008ce8       ___acrt_getptd_noexit      10009ce8 f   libucrt:per_thread_data.obj
 0001:00008d6d       ___acrt_initialize_ptd     10009d6d f   libucrt:per_thread_data.obj
 0001:00008d99       ___acrt_uninitialize_ptd   10009d99 f   libucrt:per_thread_data.obj
 0001:00008db3       ___acrt_update_locale_info 10009db3 f   libucrt:locale_update.obj
 0001:00008de0       ___acrt_update_multibyte_info 10009de0 f   libucrt:locale_update.obj
 0001:00008e0d       ?__acrt_fp_classify@@YA?AW4__acrt_fp_class@@ABN@Z 10009e0d f i libucrt:cvt.obj
 0001:00008e79       ?__acrt_fp_is_negative@@YA_NABN@Z 10009e79 f i libucrt:cvt.obj
 0001:000096d8       ___acrt_fp_format          1000a6d8 f   libucrt:cvt.obj
 0001:00009822       __fileno                   1000a822 f   libucrt:fileno.obj
 0001:00009848       __fputc_nolock             1000a848 f   libucrt:fputc.obj
 0001:00009871       __get_printf_count_output  1000a871 f   libucrt:printf_count_output.obj
 0001:00009886       ___acrt_stdio_begin_temporary_buffering_nolock 1000a886 f   libucrt:_sftbuf.obj
 0001:0000993b       ___acrt_stdio_end_temporary_buffering_nolock 1000a93b f   libucrt:_sftbuf.obj
 0001:00009974       ___acrt_set_locale_changed 1000a974 f   libucrt:wsetlocale.obj
 0001:0000997f       ___acrt_uninitialize_locale 1000a97f f   libucrt:wsetlocale.obj
 0001:000099d1       ___acrt_initialize_locks   1000a9d1 f   libucrt:locks.obj
 0001:00009a12       ___acrt_lock               1000aa12 f   libucrt:locks.obj
 0001:00009a29       ___acrt_uninitialize_locks 1000aa29 f   libucrt:locks.obj
 0001:00009a5a       ___acrt_unlock             1000aa5a f   libucrt:locks.obj
 0001:00009e33       ??1?$argument_list@D@?A0xb0e4b824@@QAE@XZ 1000ae33 f i libucrt:argv_wildcards.obj
 0001:00009e58       ?append@?$argument_list@D@?A0xb0e4b824@@QAEHQAD@Z 1000ae58 f i libucrt:argv_wildcards.obj
 0001:00009e8d       ?expand_if_necessary@?$argument_list@D@?A0xb0e4b824@@AAEHXZ 1000ae8d f i libucrt:argv_wildcards.obj
 0001:00009f14       ___acrt_expand_narrow_argv_wildcards 1000af14 f   libucrt:argv_wildcards.obj
 0001:00009f1f       ??$?RV<lambda_978dc153c237d78434369da87b74ff60>@@AAV<lambda_ad1ced32f4ac17aa236e5ef05d6b3b7c>@@V<lambda_4a8533e2866a575feecb8298ce776b0d>@@@?$__crt_seh_guarded_call@X@@QAEX$$QAV<lambda_978dc153c237d78434369da87b74ff60>@@AAV<lambda_ad1ced32f4ac17aa236e5ef05d6b3b7c>@@$$QAV<lambda_4a8533e2866a575feecb8298ce776b0d>@@@Z 1000af1f f i libucrt:mbctype.obj
 0001:00009f62       ??$__acrt_lock_and_call@V<lambda_ad1ced32f4ac17aa236e5ef05d6b3b7c>@@@@YAXW4__acrt_lock_id@@$$QAV<lambda_ad1ced32f4ac17aa236e5ef05d6b3b7c>@@@Z 1000af62 f i libucrt:mbctype.obj
 0001:0000a3f9       ___acrt_initialize_multibyte 1000b3f9 f   libucrt:mbctype.obj
 0001:0000a417       ___acrt_update_thread_multibyte_data 1000b417 f   libucrt:mbctype.obj
 0001:0000a4b9       __setmbcp_nolock           1000b4b9 f   libucrt:mbctype.obj
 0001:0000a784       __ismbblead                1000b784 f   libucrt:ismbbyte.obj
 0001:0000a79c       ___acrt_initialize_command_line 1000b79c f   libucrt:argv_data.obj
 0001:0000a7ec       ___dcrt_get_narrow_environment_from_os 1000b7ec f   libucrt:get_environment_from_os.obj
 0001:0000a86f       __recalloc                 1000b86f f   libucrt:recalloc.obj
 0001:0000a87a       __recalloc_base            1000b87a f   libucrt:recalloc.obj
 0001:0000a8e7       ___acrt_initialize_heap    1000b8e7 f   libucrt:heap_handle.obj
 0001:0000a8f8       ___acrt_uninitialize_heap  1000b8f8 f   libucrt:heap_handle.obj
 0001:0000a902       ___acrt_execute_initializers 1000b902 f   libucrt:shared_initialization.obj
 0001:0000a985       ___acrt_execute_uninitializers 1000b985 f   libucrt:shared_initialization.obj
 0001:0000a9d2       ??$?RV<lambda_a048d3beccc847880fc8490e18b82769>@@AAV<lambda_ec61778202f4f5fc7e7711acc23c3bca>@@V<lambda_f7496a158712204296dd6628a163878e>@@@?$__crt_seh_guarded_call@P6AXH@Z@@QAEP6AXH@Z$$QAV<lambda_a048d3beccc847880fc8490e18b82769>@@AAV<lambda_ec61778202f4f5fc7e7711acc23c3bca>@@$$QAV<lambda_f7496a158712204296dd6628a163878e>@@@Z 1000b9d2 f i libucrt:signal.obj
 0001:0000aa2c       ??$__acrt_lock_and_call@V<lambda_ec61778202f4f5fc7e7711acc23c3bca>@@@@YAP6AXH@ZW4__acrt_lock_id@@$$QAV<lambda_ec61778202f4f5fc7e7711acc23c3bca>@@@Z 1000ba2c f i libucrt:signal.obj
 0001:0000aa96       ?initialize@?$dual_state_global@P6AHI@Z@__crt_state_management@@QAEXQ6AHI@Z@Z 1000ba96 f i libucrt:new_handler.obj
 0001:0000aa96       ?initialize@?$dual_state_global@P6AXPB_W00II@Z@__crt_state_management@@QAEXQ6AXPB_W00II@Z@Z 1000ba96 f i libucrt:invalid_parameter.obj
 0001:0000aa96       ?initialize@?$dual_state_global@P6AHPAU_exception@@@Z@__crt_state_management@@QAEXQ6AHPAU_exception@@@Z@Z 1000ba96 f i libucrt:matherr.obj
 0001:0000aa96       ?initialize@?$dual_state_global@P6AXH@Z@__crt_state_management@@QAEXQ6AXH@Z@Z 1000ba96 f i libucrt:signal.obj
 0001:0000aa96       ?initialize@?$dual_state_global@PAPAD@__crt_state_management@@QAEXQAPAD@Z 1000ba96 f i libucrt:environment_initialization.obj
 0001:0000aa96       ?initialize@?$dual_state_global@PAU__crt_locale_data@@@__crt_state_management@@QAEXQAU__crt_locale_data@@@Z 1000ba96 f i libucrt:initialization.obj
 0001:0000aaef       ___acrt_get_sigabrt_handler 1000baef f   libucrt:signal.obj
 0001:0000ab06       ___acrt_initialize_signal_handlers 1000bb06 f   libucrt:signal.obj
 0001:0000ab41       ___fpecode                 1000bb41 f   libucrt:signal.obj
 0001:0000ab4a       _raise                     1000bb4a f   libucrt:signal.obj
 0001:0000ad52       ___acrt_has_user_matherr   1000bd52 f   libucrt:matherr.obj
 0001:0000ad6b       ___acrt_initialize_user_matherr 1000bd6b f   libucrt:matherr.obj
 0001:0000ad7f       ___acrt_invoke_user_matherr 1000bd7f f   libucrt:matherr.obj
 0001:0000adc8       __query_new_mode           1000bdc8 f   libucrt:new_mode.obj
 0001:0000adce       ___pctype_func             1000bdce f   libucrt:ctype.obj
 0001:0000adf4       __isctype_l                1000bdf4 f   libucrt:isctype.obj
 0001:0000af82       ___acrt_DownlevelLocaleNameToLCID 1000bf82 f   libucrt:lcidtoname_downlevel.obj
 0001:0000afae       __fclose_nolock            1000bfae f   libucrt:fclose.obj
 0001:0000b024       _fclose                    1000c024 f   libucrt:fclose.obj
 0001:0000b0a4       ??$?RV<lambda_61cee617f5178ae960314fd4d05640a0>@@AAV<lambda_6978c1fb23f02e42e1d9e99668cc68aa>@@V<lambda_9cd88cf8ad10232537feb2133f08c833>@@@?$__crt_seh_guarded_call@H@@QAEH$$QAV<lambda_61cee617f5178ae960314fd4d05640a0>@@AAV<lambda_6978c1fb23f02e42e1d9e99668cc68aa>@@$$QAV<lambda_9cd88cf8ad10232537feb2133f08c833>@@@Z 1000c0a4 f i libucrt:commit.obj
 0001:0000b13c       ??$__acrt_lowio_lock_fh_and_call@V<lambda_6978c1fb23f02e42e1d9e99668cc68aa>@@@@YAHH$$QAV<lambda_6978c1fb23f02e42e1d9e99668cc68aa>@@@Z 1000c13c f i libucrt:commit.obj
 0001:0000b164       __commit                   1000c164 f   libucrt:commit.obj
 0001:0000b763       __write                    1000c763 f   libucrt:write.obj
 0001:0000b84e       __write_nolock             1000c84e f   libucrt:write.obj
 0001:0000ba5a       ___acrt_lowio_create_handle_array 1000ca5a f   libucrt:osfinfo.obj
 0001:0000bad4       ___acrt_lowio_destroy_handle_array 1000cad4 f   libucrt:osfinfo.obj
 0001:0000bb09       ___acrt_lowio_ensure_fh_exists 1000cb09 f   libucrt:osfinfo.obj
 0001:0000bba1       ___acrt_lowio_lock_fh      1000cba1 f   libucrt:osfinfo.obj
 0001:0000bbc4       ___acrt_lowio_unlock_fh    1000cbc4 f   libucrt:osfinfo.obj
 0001:0000bbe7       __free_osfhnd              1000cbe7 f   libucrt:osfinfo.obj
 0001:0000bc78       __get_osfhandle            1000cc78 f   libucrt:osfinfo.obj
 0001:0000bce2       __isleadbyte_l             1000cce2 f i libucrt:_wctype.obj
 0001:0000bf38       ___acrt_LCMapStringA       1000cf38 f   libucrt:lcmapstringa.obj
 0001:0000bf83       __freea_crt                1000cf83 f i libucrt:lcmapstringa.obj
 0001:0000bfa3       ___acrt_add_locale_ref     1000cfa3 f   libucrt:locale_refcounting.obj
 0001:0000c020       ___acrt_free_locale        1000d020 f   libucrt:locale_refcounting.obj
 0001:0000c16a       ___acrt_locale_add_lc_time_reference 1000d16a f   libucrt:locale_refcounting.obj
 0001:0000c193       ___acrt_locale_free_lc_time_if_unreferenced 1000d193 f   libucrt:locale_refcounting.obj
 0001:0000c1c3       ___acrt_locale_release_lc_time_reference 1000d1c3 f   libucrt:locale_refcounting.obj
 0001:0000c1ec       ___acrt_release_locale_ref 1000d1ec f   libucrt:locale_refcounting.obj
 0001:0000c26d       ___acrt_update_thread_locale_data 1000d26d f   libucrt:locale_refcounting.obj
 0001:0000c2e4       __updatetlocinfoEx_nolock  1000d2e4 f   libucrt:locale_refcounting.obj
 0001:0000c334       ___acrt_fp_strflt_to_string 1000d334 f   libucrt:_fptostr.obj
 0001:0000c3f0       ??0scoped_fp_state_reset@?A0x48fbfdd4@@QAE@XZ 1000d3f0 f i libucrt:cfout.obj
 0001:0000c420       ?divide@__crt_strtox@@YA_KAAUbig_integer@1@ABU21@@Z 1000d420 f i libucrt:cfout.obj
 0001:0000c8ce       ___acrt_fltout             1000d8ce f   libucrt:cfout.obj
 0001:0000de47       ___acrt_stdio_flush_and_write_narrow_nolock 1000ee47 f   libucrt:_flsbuf.obj
 0001:0000de52       __isatty                   1000ee52 f   libucrt:isatty.obj
 0001:0000dea8       ___acrt_locale_free_monetary 1000eea8 f   libucrt:initmon.obj
 0001:0000dfa7       ___acrt_locale_free_numeric 1000efa7 f   libucrt:initnum.obj
 0001:0000e04c       ___acrt_locale_free_time   1000f04c f   libucrt:inittime.obj
 0001:0000e130       ___acrt_GetStringTypeA     1000f130 f   libucrt:getstringtypea.obj
 0001:0000e330       _qsort                     1000f330 f   libucrt:qsort.obj
 0001:0000e77b       _strncpy_s                 1000f77b f   libucrt:strncpy_s.obj
 0001:0000e790       _strpbrk                   1000f790 f   libucrt:strpbrk.obj
 0001:0000e7d0       __mbsdec                   1000f7d0 f   libucrt:mbsdec.obj
 0001:0000e7e7       __mbsdec_l                 1000f7e7 f   libucrt:mbsdec.obj
 0001:0000e883       __msize                    1000f883 f   libucrt:msize.obj
 0001:0000e8b6       __realloc_base             1000f8b6 f   libucrt:realloc_base.obj
 0001:0000e91f       ??$?RV<lambda_123407a5e2ac06da108355a851863b7a>@@AAV<lambda_2fe9b910cf3cbf4a0ab98a02ba45b3ec>@@V<lambda_ae55bdf541ad94d75914d381c370e64d>@@@?$__crt_seh_guarded_call@H@@QAEH$$QAV<lambda_123407a5e2ac06da108355a851863b7a>@@AAV<lambda_2fe9b910cf3cbf4a0ab98a02ba45b3ec>@@$$QAV<lambda_ae55bdf541ad94d75914d381c370e64d>@@@Z 1000f91f f i libucrt:close.obj
 0001:0000e9a1       ??$__acrt_lowio_lock_fh_and_call@V<lambda_2fe9b910cf3cbf4a0ab98a02ba45b3ec>@@@@YAHH$$QAV<lambda_2fe9b910cf3cbf4a0ab98a02ba45b3ec>@@@Z 1000f9a1 f i libucrt:close.obj
 0001:0000e9c9       __close                    1000f9c9 f   libucrt:close.obj
 0001:0000ea48       __close_nolock             1000fa48 f   libucrt:close.obj
 0001:0000eae4       ?__acrt_stdio_free_stream@@YAXV__crt_stdio_stream@@@Z 1000fae4 f   libucrt:stream.obj
 0001:0000eca2       __lseeki64                 1000fca2 f   libucrt:lseek.obj
 0001:0000ecbd       __lseeki64_nolock          1000fcbd f   libucrt:lseek.obj
 0001:0000ecd8       __putwch_nolock            1000fcd8 f   libucrt:putwch.obj
 0001:0000ed1d       __query_app_type           1000fd1d f   libucrt:report_runtime_error.obj
 0001:0000ed23       ___strncnt                 1000fd23 f   libucrt:strncnt.obj
 0001:0000ed3f       _fegetenv                  1000fd3f f   libucrt:fegetenv.obj
 0001:0000ed5c       _fesetenv                  1000fd5c f   libucrt:fesetenv.obj
 0001:0000eda5       _feholdexcept              1000fda5 f   libucrt:feholdexcept.obj
 0001:0000ee00       _log10                     1000fe00 f   libucrt:log10.obj
 0001:0000ee40       __CIlog10                  1000fe40 f   libucrt:log10.obj
 0001:0000ee7b       __CIlog10_default          1000fe7b f   libucrt:log10.obj
 0001:0000ee8f       __log10_default            1000fe8f     libucrt:log10.obj
 0001:0000ef50       _ceil                      1000ff50 f   libucrt:ceil_pentium4.obj
 0001:0000ef90       __ceil_pentium4            1000ff90 f   libucrt:ceil_pentium4.obj
 0001:0000f06d       ___acrt_stdio_allocate_buffer_nolock 1001006d f   libucrt:_getbuf.obj
 0001:0000f0ca       ___dcrt_lowio_initialize_console_output 100100ca f   libucrt:initcon.obj
 0001:0000f0e9       ___dcrt_terminate_console_output 100100e9 f   libucrt:initcon.obj
 0001:0000f3a3       __getfpcontrolword         100103a3 f   libucrt:_fenvutils.obj
 0001:0000f3e6       __getfpstatusword          100103e6 f   libucrt:_fenvutils.obj
 0001:0000f48e       __setfpcontrolword         1001048e f   libucrt:_fenvutils.obj
 0001:0000f50e       __setfpstatusword          1001050e f   libucrt:_fenvutils.obj
 0001:0000f58e       __clearfp                  1001058e f   libucrt:ieee87.obj
 0001:0000f66c       ___acrt_initialize_sse2    1001066c f   libucrt:mathfcns.obj
 0001:0000f680       __CIlog10_pentium4         10010680 f   libucrt:log10_pentium4.obj
 0001:0000f698       __log10_pentium4           10010698     libucrt:log10_pentium4.obj
 0001:0000f921       __fFEXP                    10010921     libucrt:87tran.obj
 0001:0000f978       __rtinfpopse               10010978     libucrt:87tran.obj
 0001:0000f97a       __rtinfnpopse              1001097a     libucrt:87tran.obj
 0001:0000f98a       __fFLN                     1001098a     libucrt:87tran.obj
 0001:0000fa3f       __rtinfpop                 10010a3f     libucrt:87tran.obj
 0001:0000fa41       __rtinfnpop                10010a41     libucrt:87tran.obj
 0001:0000fa5e       __ffexpm1                  10010a5e     libucrt:87tran.obj
 0001:0000fb10       __trandisp1                10010b10 f   libucrt:87disp.obj
 0001:0000fb77       __trandisp2                10010b77 f   libucrt:87disp.obj
 0001:0000fc03       __rttospopde               10010c03     libucrt:87disp.obj
 0001:0000fc08       __rttospop                 10010c08     libucrt:87disp.obj
 0001:0000fc0a       __rtnospop                 10010c0a     libucrt:87disp.obj
 0001:0000fc0c       __rttosnpop                10010c0c     libucrt:87disp.obj
 0001:0000fc0d       __rtnospopde               10010c0d     libucrt:87disp.obj
 0001:0000fc14       __rtzeropop                10010c14     libucrt:87disp.obj
 0001:0000fc16       __rtzeronpop               10010c16     libucrt:87disp.obj
 0001:0000fc1b       __rtzerospop               10010c1b     libucrt:87disp.obj
 0001:0000fc28       __rtonepop                 10010c28     libucrt:87disp.obj
 0001:0000fc2a       __rtonenpop                10010c2a     libucrt:87disp.obj
 0001:0000fc2f       __tosnan1                  10010c2f     libucrt:87disp.obj
 0001:0000fc5a       __nosnan2                  10010c5a     libucrt:87disp.obj
 0001:0000fc5c       __tosnan2                  10010c5c     libucrt:87disp.obj
 0001:0000fc84       __nan2                     10010c84     libucrt:87disp.obj
 0001:0000fcc3       __rtindfpop                10010cc3     libucrt:87disp.obj
 0001:0000fcc5       __rtindfnpop               10010cc5     libucrt:87disp.obj
 0001:0000fcd6       __rttosnpopde              10010cd6     libucrt:87disp.obj
 0001:0000fce0       __rtatan2inf               10010ce0     libucrt:87disp.obj
 0001:0000fcfd       __rtchsifneg               10010cfd     libucrt:87disp.obj
 0001:0000fd10       __twoToTOS                 10010d10 f   libucrt:common.obj
 0001:0000fd25       __load_CW                  10010d25 f   libucrt:common.obj
 0001:0000fd3c       __convertTOStoQNaN         10010d3c f   libucrt:common.obj
 0001:0000fd55       __fload_withFB             10010d55 f   libucrt:common.obj
 0001:0000fd98       __checkTOS_withFB          10010d98 f   libucrt:common.obj
 0001:0000fdae       __fast_exit                10010dae f   libucrt:common.obj
 0001:0000fdbb       __math_exit                10010dbb f   libucrt:common.obj
 0001:0000fde5       __check_overflow_exit      10010de5 f   libucrt:common.obj
 0001:0000fdf9       __check_range_exit         10010df9 f   libucrt:common.obj
 0001:0000fea0       __startTwoArgErrorHandling 10010ea0 f   libucrt:genexcep.obj
 0001:0000feb7       __startOneArgErrorHandling 10010eb7 f   libucrt:genexcep.obj
 0001:0000fef6       ___libm_error_support      10010ef6 f   libucrt:libm_error.obj
 0001:0001010e       __ceil_default             1001110e f   libucrt:ceil.obj
 0001:000101d0       ___ascii_strnicmp          100111d0 f   libucrt:_strnicm.obj
 0001:00010231       __clrfp                    10011231 f   libucrt:fpctrl.obj
 0001:00010244       __ctrlfp                   10011244 f   libucrt:fpctrl.obj
 0001:00010270       __set_statfp               10011270 f   libucrt:fpctrl.obj
 0001:000102cb       __statfp                   100112cb f   libucrt:fpctrl.obj
 0001:000102dd       __d_inttype                100112dd f   libucrt:powhlp.obj
 0001:00010347       __powhlp                   10011347 f   libucrt:powhlp.obj
 0001:00010472       __87except                 10011472 f   libucrt:87except.obj
 0001:0001057d       __frnd                     1001157d f   libucrt:frnd.obj
 0001:00010593       __errcode                  10011593 f   libucrt:fpexcept.obj
 0001:000105c7       __except1                  100115c7 f   libucrt:fpexcept.obj
 0001:00010695       __handle_exc               10011695 f   libucrt:fpexcept.obj
 0001:00010875       __raise_exc                10011875 f   libucrt:fpexcept.obj
 0001:00010898       __raise_exc_ex             10011898 f   libucrt:fpexcept.obj
 0001:00010b89       __set_errno_from_matherr   10011b89 f   libucrt:fpexcept.obj
 0001:00010bb8       __umatherr                 10011bb8 f   libucrt:fpexcept.obj
 0001:00010c5a       __decomp                   10011c5a f   libucrt:util.obj
 0001:00010d2e       __set_exp                  10011d2e f   libucrt:util.obj
 0001:00010d5d       __sptype                   10011d5d f   libucrt:util.obj
 0001:00010dbb       __fpclass                  10011dbb f   libucrt:ieeemisc.obj
 0001:00010e60       _IsProcessorFeaturePresent@4 10011e60 f   kernel32:KERNEL32.dll
 0001:00010e66       _RtlUnwind@16              10011e66 f   kernel32:KERNEL32.dll
 0001:00010e6c       __EH_prolog3_catch         10011e6c f   LIBCMT:ehprolg3.obj
 0001:00010eb0       __FindPESection            10011eb0 f   LIBCMT:pesect.obj
 0001:00010f00       __IsNonwritableInCurrentImage 10011f00 f   LIBCMT:pesect.obj
 0001:00010fc0       __ValidateImageBase        10011fc0 f   LIBCMT:pesect.obj
 0001:00011000       __aulldvrm                 10012000 f   LIBCMT:ulldvrm.obj
 0001:000110a0       __SEH_prolog4_GS           100120a0 f   LIBCMT:_sehprolg4gs_.obj
 0001:000110e9       __SEH_epilog4_GS           100120e9 f   LIBCMT:_sehprolg4gs_.obj
 0001:00011100       __allmul                   10012100 f   LIBCMT:llmul.obj
 0001:00011140       __alldvrm                  10012140 f   LIBCMT:lldvrm.obj
 0001:00011220       __aullshr                  10012220 f   LIBCMT:ullshr.obj
 0001:00011240       __chkstk                   10012240 f   LIBCMT:chkstk.obj
 0001:00011240       __alloca_probe             10012240 f   LIBCMT:chkstk.obj
 0001:00011270       __alloca_probe_16          10012270 f   LIBCMT:alloca16.obj
 0001:00011286       __alloca_probe_8           10012286     LIBCMT:alloca16.obj
 0001:000112a0       __allshl                   100122a0 f   LIBCMT:llshl.obj
 0001:000112c0       __ftol2_sse                100122c0 f   LIBCMT:_ftol2_.obj
 0001:000112c9       __ftol2_pentium4           100122c9 f   LIBCMT:_ftol2_.obj
 0001:000112dc       __ftol2_sse_excpt          100122dc f   LIBCMT:_ftol2_.obj
 0001:00011300       __ftol2                    10012300 f   LIBCMT:_ftol2_.obj
 0001:00011380       _memcpy                    10012380 f   libvcruntime:memcpy.obj
 0001:00011900       _strrchr                   10012900 f   libvcruntime:strrchr.obj
 0001:00011a40       _strchr                    10012a40 f   libvcruntime:strchr.obj
 0001:00011aae       ___from_strstr_to_strchr   10012aae     libvcruntime:strchr.obj
 0002:00000000       __imp__MultiByteToWideChar@24 10013000     kernel32:KERNEL32.dll
 0002:00000004       __imp__WideCharToMultiByte@32 10013004     kernel32:KERNEL32.dll
 0002:00000008       __imp__GlobalAlloc@8       10013008     kernel32:KERNEL32.dll
 0002:0000000c       __imp__lstrcpyA@8          1001300c     kernel32:KERNEL32.dll
 0002:00000010       __imp__GlobalFree@4        10013010     kernel32:KERNEL32.dll
 0002:00000014       __imp__WriteFile@20        10013014     kernel32:KERNEL32.dll
 0002:00000018       __imp__PurgeComm@8         10013018     kernel32:KERNEL32.dll
 0002:0000001c       __imp__SetupComm@12        1001301c     kernel32:KERNEL32.dll
 0002:00000020       __imp__CreateFileA@28      10013020     kernel32:KERNEL32.dll
 0002:00000024       __imp__GetCommState@8      10013024     kernel32:KERNEL32.dll
 0002:00000028       __imp__CreateEventA@16     10013028     kernel32:KERNEL32.dll
 0002:0000002c       __imp__SetCommTimeouts@8   1001302c     kernel32:KERNEL32.dll
 0002:00000030       __imp__SetCommState@8      10013030     kernel32:KERNEL32.dll
 0002:00000034       __imp__CreateFileW@28      10013034     kernel32:KERNEL32.dll
 0002:00000038       __imp__WriteConsoleW@20    10013038     kernel32:KERNEL32.dll
 0002:0000003c       __imp__SetFilePointerEx@20 1001303c     kernel32:KERNEL32.dll
 0002:00000040       __imp__CloseHandle@4       10013040     kernel32:KERNEL32.dll
 0002:00000044       __imp__HeapReAlloc@16      10013044     kernel32:KERNEL32.dll
 0002:00000048       __imp__HeapSize@12         10013048     kernel32:KERNEL32.dll
 0002:0000004c       __imp__SetStdHandle@8      1001304c     kernel32:KERNEL32.dll
 0002:00000050       __imp__GetConsoleMode@8    10013050     kernel32:KERNEL32.dll
 0002:00000054       __imp__GetConsoleCP@0      10013054     kernel32:KERNEL32.dll
 0002:00000058       __imp__FlushFileBuffers@4  10013058     kernel32:KERNEL32.dll
 0002:0000005c       __imp__GetStringTypeW@16   1001305c     kernel32:KERNEL32.dll
 0002:00000060       __imp__GetProcessHeap@0    10013060     kernel32:KERNEL32.dll
 0002:00000064       __imp__FreeEnvironmentStringsW@4 10013064     kernel32:KERNEL32.dll
 0002:00000068       __imp__GetEnvironmentStringsW@0 10013068     kernel32:KERNEL32.dll
 0002:0000006c       __imp__GetCommandLineW@0   1001306c     kernel32:KERNEL32.dll
 0002:00000070       __imp__GetCommandLineA@0   10013070     kernel32:KERNEL32.dll
 0002:00000074       __imp__GetCPInfo@8         10013074     kernel32:KERNEL32.dll
 0002:00000078       __imp__GetOEMCP@0          10013078     kernel32:KERNEL32.dll
 0002:0000007c       __imp__IsValidCodePage@4   1001307c     kernel32:KERNEL32.dll
 0002:00000080       __imp__FindNextFileA@8     10013080     kernel32:KERNEL32.dll
 0002:00000084       __imp__UnhandledExceptionFilter@4 10013084     kernel32:KERNEL32.dll
 0002:00000088       __imp__SetUnhandledExceptionFilter@4 10013088     kernel32:KERNEL32.dll
 0002:0000008c       __imp__GetCurrentProcess@0 1001308c     kernel32:KERNEL32.dll
 0002:00000090       __imp__TerminateProcess@8  10013090     kernel32:KERNEL32.dll
 0002:00000094       __imp__IsProcessorFeaturePresent@4 10013094     kernel32:KERNEL32.dll
 0002:00000098       __imp__QueryPerformanceCounter@4 10013098     kernel32:KERNEL32.dll
 0002:0000009c       __imp__GetCurrentProcessId@0 1001309c     kernel32:KERNEL32.dll
 0002:000000a0       __imp__GetCurrentThreadId@0 100130a0     kernel32:KERNEL32.dll
 0002:000000a4       __imp__GetSystemTimeAsFileTime@4 100130a4     kernel32:KERNEL32.dll
 0002:000000a8       __imp__InitializeSListHead@4 100130a8     kernel32:KERNEL32.dll
 0002:000000ac       __imp__IsDebuggerPresent@0 100130ac     kernel32:KERNEL32.dll
 0002:000000b0       __imp__GetStartupInfoW@4   100130b0     kernel32:KERNEL32.dll
 0002:000000b4       __imp__GetModuleHandleW@4  100130b4     kernel32:KERNEL32.dll
 0002:000000b8       __imp__EncodePointer@4     100130b8     kernel32:KERNEL32.dll
 0002:000000bc       __imp__RaiseException@16   100130bc     kernel32:KERNEL32.dll
 0002:000000c0       __imp__InterlockedFlushSList@4 100130c0     kernel32:KERNEL32.dll
 0002:000000c4       __imp__GetLastError@0      100130c4     kernel32:KERNEL32.dll
 0002:000000c8       __imp__SetLastError@4      100130c8     kernel32:KERNEL32.dll
 0002:000000cc       __imp__RtlUnwind@16        100130cc     kernel32:KERNEL32.dll
 0002:000000d0       __imp__EnterCriticalSection@4 100130d0     kernel32:KERNEL32.dll
 0002:000000d4       __imp__LeaveCriticalSection@4 100130d4     kernel32:KERNEL32.dll
 0002:000000d8       __imp__DeleteCriticalSection@4 100130d8     kernel32:KERNEL32.dll
 0002:000000dc       __imp__InitializeCriticalSectionAndSpinCount@8 100130dc     kernel32:KERNEL32.dll
 0002:000000e0       __imp__TlsAlloc@0          100130e0     kernel32:KERNEL32.dll
 0002:000000e4       __imp__TlsGetValue@4       100130e4     kernel32:KERNEL32.dll
 0002:000000e8       __imp__TlsSetValue@8       100130e8     kernel32:KERNEL32.dll
 0002:000000ec       __imp__TlsFree@4           100130ec     kernel32:KERNEL32.dll
 0002:000000f0       __imp__FreeLibrary@4       100130f0     kernel32:KERNEL32.dll
 0002:000000f4       __imp__GetProcAddress@8    100130f4     kernel32:KERNEL32.dll
 0002:000000f8       __imp__LoadLibraryExW@12   100130f8     kernel32:KERNEL32.dll
 0002:000000fc       __imp__ExitProcess@4       100130fc     kernel32:KERNEL32.dll
 0002:00000100       __imp__GetModuleHandleExW@12 10013100     kernel32:KERNEL32.dll
 0002:00000104       __imp__GetModuleFileNameA@12 10013104     kernel32:KERNEL32.dll
 0002:00000108       __imp__HeapFree@12         10013108     kernel32:KERNEL32.dll
 0002:0000010c       __imp__HeapAlloc@12        1001310c     kernel32:KERNEL32.dll
 0002:00000110       __imp__LCMapStringW@24     10013110     kernel32:KERNEL32.dll
 0002:00000114       __imp__GetStdHandle@4      10013114     kernel32:KERNEL32.dll
 0002:00000118       __imp__GetFileType@4       10013118     kernel32:KERNEL32.dll
 0002:0000011c       __imp__GetACP@0            1001311c     kernel32:KERNEL32.dll
 0002:00000120       __imp__FindClose@4         10013120     kernel32:KERNEL32.dll
 0002:00000124       __imp__FindFirstFileExA@24 10013124     kernel32:KERNEL32.dll
 0002:00000128       __imp__DecodePointer@4     10013128     kernel32:KERNEL32.dll
 0002:0000012c       \177KERNEL32_NULL_THUNK_DATA 1001312c     kernel32:KERNEL32.dll
 0002:00000130       __imp__SetupDiGetDeviceRegistryPropertyA@28 10013130     setupapi:SETUPAPI.dll
 0002:00000134       __imp__SetupDiEnumDeviceInfo@12 10013134     setupapi:SETUPAPI.dll
 0002:00000138       __imp__SetupDiGetDevicePropertyW@32 10013138     setupapi:SETUPAPI.dll
 0002:0000013c       __imp__SetupDiGetDeviceInterfaceDetailA@24 1001313c     setupapi:SETUPAPI.dll
 0002:00000140       __imp__SetupDiGetClassDevsA@16 10013140     setupapi:SETUPAPI.dll
 0002:00000144       __imp__SetupDiEnumDeviceInterfaces@20 10013144     setupapi:SETUPAPI.dll
 0002:00000148       __imp__SetupDiDestroyDeviceInfoList@4 10013148     setupapi:SETUPAPI.dll
 0002:0000014c       \177SETUPAPI_NULL_THUNK_DATA 1001314c     setupapi:SETUPAPI.dll
 0002:00000150       __imp_?ToString@Value@v8@@QBE?AV?$Local@VString@v8@@@2@XZ 10013150     iojs:node.dll
 0002:00000154       __imp__node_module_register 10013154     iojs:node.dll
 0002:00000158       __imp_?SetName@Function@v8@@QAEXV?$Local@VString@v8@@@2@@Z 10013158     iojs:node.dll
 0002:0000015c       __imp_?Set@Object@v8@@QAE_NIV?$Local@VValue@v8@@@2@@Z 1001315c     iojs:node.dll
 0002:00000160       __imp_?New@Object@v8@@SA?AV?$Local@VObject@v8@@@2@PAVIsolate@2@@Z 10013160     iojs:node.dll
 0002:00000164       __imp_?Utf8Length@String@v8@@QBEHXZ 10013164     iojs:node.dll
 0002:00000168       __imp_?WriteUtf8@String@v8@@QBEHPADHPAHH@Z 10013168     iojs:node.dll
 0002:0000016c       __imp_?NewFromUtf8@String@v8@@SA?AV?$Local@VString@v8@@@2@PAVIsolate@2@PBDW4NewStringType@12@H@Z 1001316c     iojs:node.dll
 0002:00000170       __imp_?New@FunctionTemplate@v8@@SA?AV?$Local@VFunctionTemplate@v8@@@2@PAVIsolate@2@P6AXABV?$FunctionCallbackInfo@VValue@v8@@@2@@ZV?$Local@VValue@v8@@@2@V?$Local@VSignature@v8@@@2@HW4ConstructorBehavior@2@@Z 10013170     iojs:node.dll
 0002:00000174       __imp_?GetFunction@FunctionTemplate@v8@@QAE?AV?$Local@VFunction@v8@@@2@XZ 10013174     iojs:node.dll
 0002:00000178       __imp_?New@Array@v8@@SA?AV?$Local@VArray@v8@@@2@PAVIsolate@2@H@Z 10013178     iojs:node.dll
 0002:0000017c       __imp_?TypeError@Exception@v8@@SA?AV?$Local@VValue@v8@@@2@V?$Local@VString@v8@@@2@@Z 1001317c     iojs:node.dll
 0002:00000180       __imp_?Error@Exception@v8@@SA?AV?$Local@VValue@v8@@@2@V?$Local@VString@v8@@@2@@Z 10013180     iojs:node.dll
 0002:00000184       __imp_??0HandleScope@v8@@QAE@PAVIsolate@1@@Z 10013184     iojs:node.dll
 0002:00000188       __imp_??1HandleScope@v8@@QAE@XZ 10013188     iojs:node.dll
 0002:0000018c       __imp_?GetCurrent@Isolate@v8@@SAPAV12@XZ 1001318c     iojs:node.dll
 0002:00000190       __imp_?ThrowException@Isolate@v8@@QAE?AV?$Local@VValue@v8@@@2@V32@@Z 10013190     iojs:node.dll
 0002:00000194       __imp_?Set@Object@v8@@QAE_NV?$Local@VValue@v8@@@2@0@Z 10013194     iojs:node.dll
 0002:00000198       \177node_NULL_THUNK_DATA   10013198     iojs:node.dll
 0002:0000019c       ___guard_check_icall_fptr  1001319c     LIBCMT:guard_support.obj
 0002:000001a0       ___xc_a                    100131a0     LIBCMT:initializers.obj
 0002:000001a4       __register_addon_          100131a4     index.obj
 0002:000001a8       ___xc_z                    100131a8     LIBCMT:initializers.obj
 0002:000001ac       ___xi_a                    100131ac     LIBCMT:initializers.obj
 0002:000001b0       ___acrt_stdio_initializer  100131b0     libucrt:stdio_initializer.obj
 0002:000001b4       ___acrt_multibyte_initializer 100131b4     libucrt:multibyte_initializer.obj
 0002:000001b8       ___acrt_tran_sse2_initializer 100131b8     libucrt:sse2_initializer.obj
 0002:000001bc       ___xi_z                    100131bc     LIBCMT:initializers.obj
 0002:000001c0       ___xp_a                    100131c0     LIBCMT:initializers.obj
 0002:000001c4       ___acrt_locale_terminator  100131c4     libucrt:locale_initializer.obj
 0002:000001c8       ___dcrt_console_output_terminator 100131c8     libucrt:console_output_initializer.obj
 0002:000001cc       ___acrt_stdio_terminator   100131cc     libucrt:stdio_initializer.obj
 0002:000001d0       ___xp_z                    100131d0     LIBCMT:initializers.obj
 0002:000001d4       ___xt_a                    100131d4     LIBCMT:initializers.obj
 0002:000001d8       ___xt_z                    100131d8     LIBCMT:initializers.obj
 0002:000001e4       ??_7exception@std@@6B@     100131e4     libcpmt:xthrow.obj
 0002:000001ec       ??_C@_0BC@EOODALEL@Unknown?5exception?$AA@ 100131ec     libcpmt:xthrow.obj
 0002:00000204       ??_7bad_alloc@std@@6B@     10013204     libcpmt:xthrow.obj
 0002:0000020c       ??_C@_0P@GHFPNOJB@bad?5allocation?$AA@ 1001320c     libcpmt:xthrow.obj
 0002:00000220       ??_7logic_error@std@@6B@   10013220     libcpmt:xthrow.obj
 0002:0000022c       ??_7length_error@std@@6B@  1001322c     libcpmt:xthrow.obj
 0002:00000238       ??_7out_of_range@std@@6B@  10013238     libcpmt:xthrow.obj
 0002:00000240       __pRawDllMain              10013240     LIBCMT:dll_dllmain.obj
 0002:00000240       __pDefaultRawDllMain       10013240     LIBCMT:dll_dllmain.obj
 0002:00000248       ??_7type_info@@6B@         10013248     LIBCMT:std_type_info_static.obj
 0002:00000258       ??_7bad_array_new_length@std@@6B@ 10013258     LIBCMT:throw_bad_alloc.obj
 0002:00000260       ??_C@_0BF@KINCDENJ@bad?5array?5new?5length?$AA@ 10013260     LIBCMT:throw_bad_alloc.obj
 0002:00000278       __pDestructExceptionObject 10013278     libvcruntime:frame.obj
 0002:00000280       ??_7bad_exception@std@@6B@ 10013280     libvcruntime:frame.obj
 0002:00000288       ??_C@_0O@DPKOEFFH@bad?5exception?$AA@ 10013288     libvcruntime:frame.obj
 0002:000002c8       ??_C@_1BC@DNHGCMLG@?$AAa?$AAd?$AAv?$AAa?$AAp?$AAi?$AA3?$AA2?$AA?$AA@ 100132c8     libvcruntime:winapi_downlevel.obj
 0002:000002dc       ??_C@_1DM@KHCHBNEB@?$AAa?$AAp?$AAi?$AA?9?$AAm?$AAs?$AA?9?$AAw?$AAi?$AAn?$AA?9?$AAc?$AAo?$AAr?$AAe?$AA?9?$AAf?$AAi?$AAb?$AAe?$AAr?$AAs?$AA?9?$AAl?$AA1?$AA?9?$AA1?$AA?9?$AA1?$AA?$AA@ 100132dc     libvcruntime:winapi_downlevel.obj
 0002:00000318       ??_C@_1DK@LPPGFMPP@?$AAa?$AAp?$AAi?$AA?9?$AAm?$AAs?$AA?9?$AAw?$AAi?$AAn?$AA?9?$AAc?$AAo?$AAr?$AAe?$AA?9?$AAs?$AAy?$AAn?$AAc?$AAh?$AA?9?$AAl?$AA1?$AA?9?$AA2?$AA?9?$AA0?$AA?$AA@ 10013318     libvcruntime:winapi_downlevel.obj
 0002:00000354       ??_C@_1BC@GDMECMAK@?$AAk?$AAe?$AAr?$AAn?$AAe?$AAl?$AA3?$AA2?$AA?$AA@ 10013354     libvcruntime:winapi_downlevel.obj
 0002:00000370       ??_C@_08KNHFBNJ@FlsAlloc?$AA@ 10013370     libvcruntime:winapi_downlevel.obj
 0002:00000384       ??_C@_07PEJMOBNF@FlsFree?$AA@ 10013384     libvcruntime:winapi_downlevel.obj
 0002:00000394       ??_C@_0M@GDNOONDI@FlsGetValue?$AA@ 10013394     libvcruntime:winapi_downlevel.obj
 0002:000003a8       ??_C@_0M@JCPCPOEF@FlsSetValue?$AA@ 100133a8     libvcruntime:winapi_downlevel.obj
 0002:000003bc       ??_C@_0BM@HCFOFFN@InitializeCriticalSectionEx?$AA@ 100133bc     libvcruntime:winapi_downlevel.obj
 0002:00000568       ??_C@_08EHJDFFNH@__based?$CI?$AA@ 10013568     libvcruntime:undname.obj
 0002:00000574       ??_C@_07KOLFKCDI@__cdecl?$AA@ 10013574     libvcruntime:undname.obj
 0002:0000057c       ??_C@_08GHMPAG@__pascal?$AA@ 1001357c     libvcruntime:undname.obj
[...]
 0002:00004a20       hi_mask                    10017a20     libucrt:log10_pentium4.obj
 0002:00004a30       LOG10_2                    10017a30     libucrt:log10_pentium4.obj
 0002:00004a40       place_L                    10017a40     libucrt:log10_pentium4.obj
 0002:00004a60       One                        10017a60     libucrt:log10_pentium4.obj
 0002:00004a70       Zero                       10017a70     libucrt:log10_pentium4.obj
 0002:00004a80       Two52                      10017a80     libucrt:log10_pentium4.obj
 0002:00004a90       Infs                       10017a90     libucrt:log10_pentium4.obj
 0002:00004aa0       NaN                        10017aa0     libucrt:log10_pentium4.obj
 0002:00004ab0       coeff                      10017ab0     libucrt:log10_pentium4.obj
 0002:00004b0e       _log2max                   10017b0e     libucrt:87tran.obj
 0002:00004b18       _smallarg                  10017b18     libucrt:87tran.obj
 0002:00004b22       _half                      10017b22     libucrt:87tran.obj
 0002:00004b6e       One                        10017b6e     libucrt:87disp.obj
 0002:00004b76       Three                      10017b76     libucrt:87disp.obj
 0002:00004b7e       XAMtoTagTab                10017b7e     libucrt:87disp.obj
 0002:00004b90       One                        10017b90     libucrt:common.obj
 0002:00004ba4       DblMax                     10017ba4     libucrt:common.obj
 0002:00004bac       DblMin                     10017bac     libucrt:common.obj
 0002:00004bb4       IeeeAdjO                   10017bb4     libucrt:common.obj
 0002:00004bbc       IeeeAdjU                   10017bbc     libucrt:common.obj
 0002:00004bc4       _infinity                  10017bc4     libucrt:common.obj
 0002:00004bcc       _zero                      10017bcc     libucrt:common.obj
 0002:00004c08       _over                      10017c08     libucrt:fpctrl.obj
 0002:00004c14       _under                     10017c14     libucrt:fpctrl.obj
 0002:000054d8       ?_names@?1??_get_fname@@9@9 100184d8     libucrt:fpexcept.obj
 0002:00005788       ?USB_GUID@@3U_GUID@@B      10018788     getDeviceList.obj
 0002:00005e58       __unwindtable$?NODE_SET_METHOD@node@@YAXV?$Local@VObject@v8@@@v8@@PBDP6AXABV?$FunctionCallbackInfo@VValue@v8@@@3@@Z@Z 10018e58     index.obj
 0002:00005e60       __ehfuncinfo$?NODE_SET_METHOD@node@@YAXV?$Local@VObject@v8@@@v8@@PBDP6AXABV?$FunctionCallbackInfo@VValue@v8@@@3@@Z@Z 10018e60     index.obj
 0002:00005e84       __unwindtable$?GetUsbDeviceList@@YAXABV?$FunctionCallbackInfo@VValue@v8@@@v8@@@Z 10018e84     index.obj
 0002:00005e9c       __ehfuncinfo$?GetUsbDeviceList@@YAXABV?$FunctionCallbackInfo@VValue@v8@@@v8@@@Z 10018e9c     index.obj
 0002:00005ec0       __unwindtable$?PrintRaw@@YAXABV?$FunctionCallbackInfo@VValue@v8@@@v8@@@Z 10018ec0     index.obj
 0002:00005ed8       __ehfuncinfo$?PrintRaw@@YAXABV?$FunctionCallbackInfo@VValue@v8@@@v8@@@Z 10018ed8     index.obj
 0002:00005efc       __unwindtable$?GetDeviceList@@YAXAAV?$list@UDeviceInfo@@V?$allocator@UDeviceInfo@@@std@@@std@@@Z 10018efc     getDeviceList.obj
 0002:00005f1c       __ehfuncinfo$?GetDeviceList@@YAXAAV?$list@UDeviceInfo@@V?$allocator@UDeviceInfo@@@std@@@std@@@Z 10018f1c     getDeviceList.obj
 0002:00005f40       __unwindtable$??$_Insert@ABUDeviceInfo@@@?$list@UDeviceInfo@@V?$allocator@UDeviceInfo@@@std@@@std@@QAEXV?$_List_unchecked_const_iterator@V?$_List_val@U?$_List_simple_types@UDeviceInfo@@@std@@@std@@U_Iterator_base0@2@@1@ABUDeviceInfo@@@Z 10018f40     getDeviceList.obj
 0002:00005f48       __ehfuncinfo$??$_Insert@ABUDeviceInfo@@@?$list@UDeviceInfo@@V?$allocator@UDeviceInfo@@@std@@@std@@QAEXV?$_List_unchecked_const_iterator@V?$_List_val@U?$_List_simple_types@UDeviceInfo@@@std@@@std@@U_Iterator_base0@2@@1@ABUDeviceInfo@@@Z 10018f48     getDeviceList.obj
 0002:00005f6c       __unwindtable$??0DeviceInfo@@QAE@ABU0@@Z 10018f6c     getDeviceList.obj
 0002:00005f84       __ehfuncinfo$??0DeviceInfo@@QAE@ABU0@@Z 10018f84     getDeviceList.obj
 0002:00005fa8       __unwindtable$?PrintRawData@@YAHV?$basic_string@DU?$char_traits@D@std@@V?$allocator@D@2@@std@@ABV12@@Z 10018fa8     escposPrint.obj
 0002:00005fb8       __ehfuncinfo$?PrintRawData@@YAHV?$basic_string@DU?$char_traits@D@std@@V?$allocator@D@2@@std@@ABV12@@Z 10018fb8     escposPrint.obj
 0002:000060c8       __sehtable$?dllmain_crt_process_attach@@YAHQAUHINSTANCE__@@QAX@Z 100190c8     LIBCMT:dll_dllmain.obj
 0002:000060e8       __sehtable$?dllmain_crt_process_detach@@YAH_N@Z 100190e8     LIBCMT:dll_dllmain.obj
 0002:00006108       __sehtable$?dllmain_dispatch@@YAHQAUHINSTANCE__@@KQAX@Z 10019108     LIBCMT:dll_dllmain.obj
 0002:00006160       __sehtable$___scrt_is_nonwritable_in_current_image 10019160     LIBCMT:utility.obj
 0002:00006180       __sehtable$___FrameUnwindToState 10019180     libvcruntime:frame.obj
 0002:000061a8       __sehtable$?CallCatchBlock@@YAPAXPAUEHExceptionRecord@@PAUEHRegistrationNode@@PAU_CONTEXT@@PBU_s_FuncInfo@@PAXHK@Z 100191a8     libvcruntime:frame.obj
 0002:000061d0       __sehtable$___BuildCatchObject 100191d0     libvcruntime:frame.obj
 0002:000061f0       __sehtable$___DestructExceptionObject 100191f0     libvcruntime:frame.obj
 0002:0000620c       __catchsym$?CallUnexpected@@YAXPBU_s_ESTypeList@@@Z$2 1001920c     libvcruntime:frame.obj
 0002:0000621c       __unwindtable$?CallUnexpected@@YAXPBU_s_ESTypeList@@@Z 1001921c     libvcruntime:frame.obj
 0002:0000622c       __tryblocktable$?CallUnexpected@@YAXPBU_s_ESTypeList@@@Z 1001922c     libvcruntime:frame.obj
 0002:00006240       __ehfuncinfo$?CallUnexpected@@YAXPBU_s_ESTypeList@@@Z 10019240     libvcruntime:frame.obj
 0002:00006268       __sehtable$___BuildCatchObjectHelper 10019268     libvcruntime:frame.obj
 0002:000062c0       __sehtable$??$?RV<lambda_db08b09ef7aa9d4f8620ce68402612bc>@@AAV<lambda_4f2c1eaeead2a5fc776db5b62ea0fb9b>@@V<lambda_3ae262bc35d4ba6a3825c4f6bcaaf95c>@@@?$__crt_seh_guarded_call@H@@QAEH$$QAV<lambda_db08b09ef7aa9d4f8620ce68402612bc>@@AAV<lambda_4f2c1eaeead2a5fc776db5b62ea0fb9b>@@$$QAV<lambda_3ae262bc35d4ba6a3825c4f6bcaaf95c>@@@Z 100192c0     libucrt:output.obj
 0002:000062e0       __sehtable$??$?RV<lambda_5be909dfbae0a631386585770cd7b676>@@AAV<lambda_e516058a9c289d98c8ca9fea99247804>@@V<lambda_afe2e0cdc5e0ecf6f0d6f5e2f8985e38>@@@?$__crt_seh_guarded_call@H@@QAEH$$QAV<lambda_5be909dfbae0a631386585770cd7b676>@@AAV<lambda_e516058a9c289d98c8ca9fea99247804>@@$$QAV<lambda_afe2e0cdc5e0ecf6f0d6f5e2f8985e38>@@@Z 100192e0     libucrt:output.obj
 0002:00006300       __sehtable$__query_new_handler 10019300     libucrt:new_handler.obj
 0002:00006320       __sehtable$?common_exit@@YAXHW4_crt_exit_cleanup_mode@@W4_crt_exit_return_mode@@@Z 10019320     libucrt:exit.obj
 0002:00006348       __sehtable$??$?RV<lambda_800076c951b434888f4765a74a194fcc>@@AAV<lambda_4e60a939b0d047cfe11ddc22648dfba9>@@V<lambda_6dbb1268764f43b569ce7b67e331d33a>@@@?$__crt_seh_guarded_call@H@@QAEH$$QAV<lambda_800076c951b434888f4765a74a194fcc>@@AAV<lambda_4e60a939b0d047cfe11ddc22648dfba9>@@$$QAV<lambda_6dbb1268764f43b569ce7b67e331d33a>@@@Z 10019348     libucrt:onexit.obj
 0002:00006368       __sehtable$??$?RV<lambda_995298e7d72eb4c2aab26c0585b3abe5>@@AAV<lambda_275893d493268fdec8709772e3fcec0e>@@V<lambda_293819299cbf9a7022e18b56a874bb5c>@@@?$__crt_seh_guarded_call@H@@QAEH$$QAV<lambda_995298e7d72eb4c2aab26c0585b3abe5>@@AAV<lambda_275893d493268fdec8709772e3fcec0e>@@$$QAV<lambda_293819299cbf9a7022e18b56a874bb5c>@@@Z 10019368     libucrt:onexit.obj
 0002:00006388       __sehtable$_terminate      10019388     libucrt:terminate.obj
 0002:000063a8       __sehtable$__fcloseall     100193a8     libucrt:closeall.obj
 0002:000063c8       __sehtable$_common_flush_all 100193c8     libucrt:fflush.obj
 0002:000063f0       __sehtable$___acrt_initialize_lowio 100193f0     libucrt:ioinit.obj
 0002:00006410       __sehtable$??$?RV<lambda_9df27f884b057bc3edfc946cb5b7cf47>@@AAV<lambda_e69574bed617af4e071282c136b37893>@@V<lambda_cc0d902bcbbeb830f749456577db4721>@@@?$__crt_seh_guarded_call@X@@QAEX$$QAV<lambda_9df27f884b057bc3edfc946cb5b7cf47>@@AAV<lambda_e69574bed617af4e071282c136b37893>@@$$QAV<lambda_cc0d902bcbbeb830f749456577db4721>@@@Z 10019410     libucrt:per_thread_data.obj
 0002:00006430       __sehtable$??$?RV<lambda_3518db117f0e7cdb002338c5d3c47b6c>@@AAV<lambda_b2ea41f6bbb362cd97d94c6828d90b61>@@V<lambda_abdedf541bb04549bc734292b4a045d4>@@@?$__crt_seh_guarded_call@X@@QAEX$$QAV<lambda_3518db117f0e7cdb002338c5d3c47b6c>@@AAV<lambda_b2ea41f6bbb362cd97d94c6828d90b61>@@$$QAV<lambda_abdedf541bb04549bc734292b4a045d4>@@@Z 10019430     libucrt:per_thread_data.obj
 0002:00006450       __sehtable$??$?RV<lambda_51b6e8b1eb166f2a3faf91f424b38130>@@AAV<lambda_6250bd4b2a391816dd638c3bf72b0bcb>@@V<lambda_0b5a4a3e68152e1d9b943535f5f47bed>@@@?$__crt_seh_guarded_call@X@@QAEX$$QAV<lambda_51b6e8b1eb166f2a3faf91f424b38130>@@AAV<lambda_6250bd4b2a391816dd638c3bf72b0bcb>@@$$QAV<lambda_0b5a4a3e68152e1d9b943535f5f47bed>@@@Z 10019450     libucrt:per_thread_data.obj
 0002:00006470       __sehtable$??$?RV<lambda_5b71d36f03204c0beab531769a5b5694>@@AAV<lambda_be2b3da3f62db62e9dad5dc70221a656>@@V<lambda_8f9ce462984622f9bf76b59e2aaaf805>@@@?$__crt_seh_guarded_call@X@@QAEX$$QAV<lambda_5b71d36f03204c0beab531769a5b5694>@@AAV<lambda_be2b3da3f62db62e9dad5dc70221a656>@@$$QAV<lambda_8f9ce462984622f9bf76b59e2aaaf805>@@@Z 10019470     libucrt:per_thread_data.obj
 0002:00006490       __sehtable$___acrt_uninitialize_locale 10019490     libucrt:wsetlocale.obj
 0002:000064b0       __sehtable$___acrt_update_thread_multibyte_data 100194b0     libucrt:mbctype.obj
 0002:000064d0       __sehtable$??$?RV<lambda_978dc153c237d78434369da87b74ff60>@@AAV<lambda_ad1ced32f4ac17aa236e5ef05d6b3b7c>@@V<lambda_4a8533e2866a575feecb8298ce776b0d>@@@?$__crt_seh_guarded_call@X@@QAEX$$QAV<lambda_978dc153c237d78434369da87b74ff60>@@AAV<lambda_ad1ced32f4ac17aa236e5ef05d6b3b7c>@@$$QAV<lambda_4a8533e2866a575feecb8298ce776b0d>@@@Z 100194d0     libucrt:mbctype.obj
 0002:000064f0       __sehtable$_raise          100194f0     libucrt:signal.obj
 0002:00006510       __sehtable$??$?RV<lambda_a048d3beccc847880fc8490e18b82769>@@AAV<lambda_ec61778202f4f5fc7e7711acc23c3bca>@@V<lambda_f7496a158712204296dd6628a163878e>@@@?$__crt_seh_guarded_call@P6AXH@Z@@QAEP6AXH@Z$$QAV<lambda_a048d3beccc847880fc8490e18b82769>@@AAV<lambda_ec61778202f4f5fc7e7711acc23c3bca>@@$$QAV<lambda_f7496a158712204296dd6628a163878e>@@@Z 10019510     libucrt:signal.obj
 0002:00006530       __sehtable$_fclose         10019530     libucrt:fclose.obj
 0002:00006550       __sehtable$??$?RV<lambda_61cee617f5178ae960314fd4d05640a0>@@AAV<lambda_6978c1fb23f02e42e1d9e99668cc68aa>@@V<lambda_9cd88cf8ad10232537feb2133f08c833>@@@?$__crt_seh_guarded_call@H@@QAEH$$QAV<lambda_61cee617f5178ae960314fd4d05640a0>@@AAV<lambda_6978c1fb23f02e42e1d9e99668cc68aa>@@$$QAV<lambda_9cd88cf8ad10232537feb2133f08c833>@@@Z 10019550     libucrt:commit.obj
 0002:00006570       __sehtable$__write         10019570     libucrt:write.obj
 0002:00006590       __sehtable$___acrt_lowio_ensure_fh_exists 10019590     libucrt:osfinfo.obj
 0002:000065b0       __sehtable$___acrt_update_thread_locale_data 100195b0     libucrt:locale_refcounting.obj
 0002:000065d0       __sehtable$??$?RV<lambda_123407a5e2ac06da108355a851863b7a>@@AAV<lambda_2fe9b910cf3cbf4a0ab98a02ba45b3ec>@@V<lambda_ae55bdf541ad94d75914d381c370e64d>@@@?$__crt_seh_guarded_call@H@@QAEH$$QAV<lambda_123407a5e2ac06da108355a851863b7a>@@AAV<lambda_2fe9b910cf3cbf4a0ab98a02ba45b3ec>@@$$QAV<lambda_ae55bdf541ad94d75914d381c370e64d>@@@Z 100195d0     libucrt:close.obj
 0002:000065f0       __sehtable$??$common_lseek@_J@@YA_JH_JH@Z 100195f0     libucrt:lseek.obj
 0002:00006610       __sehtable$__IsNonwritableInCurrentImage 10019610     LIBCMT:pesect.obj
 0002:00006630       .edata                     10019630     addon.exp
 0002:00006658       rgpv                       10019658     addon.exp
 0002:00006660       rgszName                   10019660     addon.exp
 0002:00006668       rgwOrd                     10019668     addon.exp
 0002:0000666c       szName                     1001966c     addon.exp
 0002:00006677       $N00001                    10019677     addon.exp
 0002:000066d0       $N00002                    100196d0     addon.exp
 0002:00006998       .idata$6                   10019998     kernel32:KERNEL32.dll
 0002:00006e12       .idata$6                   10019e12     iojs:node.dll
 0002:00006eee       .idata$6                   10019eee     setupapi:SETUPAPI.dll
 0003:00000020       ?__vcrt_flsindex@@3KA      1001b020     libvcruntime:per_thread_data.obj
 0003:000000ec       _errno_no_memory           1001b0ec     libucrt:errno.obj
 0003:000000f0       _doserrno_no_memory        1001b0f0     libucrt:errno.obj
 0003:00000128       ___acrt_flsindex           1001b128     libucrt:per_thread_data.obj
 0003:000001f4       ___rgctypeflag             1001b1f4     libucrt:mbctype.obj
 0003:000001f8       ___rgcode_page_info        1001b1f8     libucrt:mbctype.obj
 0003:00000790       __module                   1001b790     index.obj
 0003:000008b0       ?__proc_attached@@3HA      1001b8b0     LIBCMT:dll_dllmain.obj
 0003:000008b8       _GS_ExceptionRecord        1001b8b8     LIBCMT:gs_report.obj
 0003:00000908       _GS_ContextRecord          1001b908     LIBCMT:gs_report.obj
 0003:00000bdc       ?module_local_atexit_table@@3U_onexit_table_t@@A 1001bbdc     LIBCMT:utility.obj
 0003:00000be8       ?module_local_at_quick_exit_table@@3U_onexit_table_t@@A 1001bbe8     LIBCMT:utility.obj
 0003:00000bf4       ?is_initialized_as_dll@@3_NA 1001bbf4     LIBCMT:utility.obj
 0003:00000c18       ?__vcrt_startup_thread_ptd@@3U__vcrt_ptd@@A 1001bc18     libvcruntime:per_thread_data.obj
 0003:00000c40       ___vcrt_lock_table         1001bc40     libvcruntime:locks.obj
 0003:00000c58       ___vcrt_locks_initialized  1001bc58     libvcruntime:locks.obj
 0003:00000c5c       ?module_handles@@3PAPAUHINSTANCE__@@A 1001bc5c     libvcruntime:winapi_downlevel.obj
 0003:00000c6c       ?encoded_function_pointers@@3PAPAXA 1001bc6c     libvcruntime:winapi_downlevel.obj
 0003:00000cbc       ?heap@@3V_HeapManager@@A   1001bcbc     libvcruntime:undname.obj
 0003:00000cdc       ___acrt_invalid_parameter_handler 1001bcdc     libucrt:invalid_parameter.obj
 0003:00000ce0       ___acrt_new_handler        1001bce0     libucrt:new_handler.obj
 0003:00000ce4       _c_termination_complete    1001bce4     libucrt:exit.obj
 0003:00000ce8       _thread_local_exit_callback_func 1001bce8     libucrt:exit.obj
 0003:00000cec       ?c_exit_complete@?5??common_exit@@YAXHW4_crt_exit_cleanup_mode@@W4_crt_exit_return_mode@@@Z@4_NA 1001bcec     libucrt:exit.obj
 0003:00000cf0       ?program_name@?5???$common_configure_argv@D@@YAHW4_crt_argv_mode@@@Z@4PADA 1001bcf0     libucrt:argv_parsing.obj
 0003:00000e20       _module_handles            1001be20     libucrt:winapi_thunks.obj
 0003:00000e70       _encoded_function_pointers 1001be70     libucrt:winapi_thunks.obj
 0003:00000ef0       ?state_cache@?1??__acrt_is_packaged_app@@9@4JA 1001bef0     libucrt:winapi_thunks.obj
 0003:000010fc       _enable_percent_n          1001c0fc     libucrt:printf_count_output.obj
 0003:00001110       ___acrt_lock_table         1001c110     libucrt:locks.obj
 0003:00001248       ___acrt_locks_initialized  1001c248     libucrt:locks.obj
 0003:00001264       _fSystemSet                1001c264     libucrt:mbctype.obj
 0003:00001268       ?initialized@?1??__acrt_initialize_multibyte@@9@4_NA 1001c268     libucrt:mbctype.obj
 0003:00001288       _ctrlc_action              1001c288     libucrt:signal.obj
 0003:0000128c       _ctrlbreak_action          1001c28c     libucrt:signal.obj
 0003:00001290       _abort_action              1001c290     libucrt:signal.obj
 0003:00001294       _term_action               1001c294     libucrt:signal.obj
 0003:00001298       _user_matherr              1001c298     libucrt:matherr.obj
 0003:0000129c       ___acrt_global_new_mode    1001c29c     libucrt:new_mode.obj
 0003:000012a8       ___acrt_app_type           1001c2a8     libucrt:report_runtime_error.obj
 0003:000012b0       __pmatherr_set             1001c2b0     libucrt:libm_error.obj
 0004:00000000       __guard_fids____dcrt_uninitialize_environments_nolock 1001d000     libucrt:environment_initialization.obj
 0004:00000008       __guard_fids__             1001d008     libucrt:initialization.obj
 0004:00000068       __guard_fids__             1001d068     libucrt:stdio_initializer.obj
 0004:0000006c       __guard_fids__             1001d06c     libucrt:stdio_initializer.obj
 0004:00000070       __guard_fids____acrt_initialize_ptd 1001d070     libucrt:per_thread_data.obj
 0004:00000074       __guard_fids_??$expand_argument_wildcards@D@@YAHQAD0AAV?$argument_list@D@?A0xb0e4b824@@@Z 1001d074     libucrt:argv_wildcards.obj
 0004:00000078       __guard_fids__             1001d078     libucrt:locale_initializer.obj
 0004:0000007c       __guard_fids__             1001d07c     libucrt:multibyte_initializer.obj
 0004:00000080       __guard_fids____libm_error_support 1001d080     libucrt:libm_error.obj
 0004:00000084       __guard_fids__             1001d084     libucrt:console_output_initializer.obj
 0004:00000088       __guard_fids__             1001d088     libucrt:sse2_initializer.obj
 0004:0000008c       __guard_fids__             1001d08c     libcpmt:xthrow.obj
 0004:00000094       __guard_fids__             1001d094     libcpmt:xthrow.obj
 0004:0000009c       __guard_fids__             1001d09c     libcpmt:xthrow.obj
 0004:000000a4       __guard_fids__             1001d0a4     libcpmt:xthrow.obj
 0004:000000ac       __guard_fids__             1001d0ac     libcpmt:xthrow.obj
 0004:000000b4       __guard_fids__             1001d0b4     libcpmt:xthrow.obj
 0004:000000b8       __guard_fids__             1001d0b8     libcpmt:xthrow.obj
 0004:000000bc       __guard_fids__             1001d0bc     libcpmt:xthrow.obj
 0004:000000c0       __guard_fids__             1001d0c0     libcpmt:xthrow.obj
 0004:000000c4       __guard_fids__             1001d0c4     libcpmt:xthrow.obj
 0004:000000c8       __guard_fids__             1001d0c8     libcpmt:xthrow.obj
 0004:000000cc       __guard_fids__             1001d0cc     libcpmt:xthrow.obj
 0004:000000d0       __guard_fids__             1001d0d0     libcpmt:xthrow.obj
 0004:000000d4       __guard_fids_?dllmain_crt_process_attach@@YAHQAUHINSTANCE__@@QAX@Z 1001d0d4     LIBCMT:dll_dllmain.obj
 0004:000000dc       __guard_fids_?dllmain_dispatch@@YAHQAUHINSTANCE__@@KQAX@Z 1001d0dc     LIBCMT:dll_dllmain.obj
 0004:000000e0       __guard_fids__             1001d0e0     LIBCMT:std_type_info_static.obj
 0004:000000e4       __guard_fids__             1001d0e4     LIBCMT:throw_bad_alloc.obj
 0004:000000ec       __guard_fids__             1001d0ec     LIBCMT:throw_bad_alloc.obj
 0004:000000f0       __guard_fids__             1001d0f0     LIBCMT:throw_bad_alloc.obj
 0004:000000f4       __guard_fids__             1001d0f4     LIBCMT:guard_support.obj
 0004:000000f8       __guard_fids__             1001d0f8     libvcruntime:frame.obj
 0004:000000fc       __guard_fids__             1001d0fc     libvcruntime:frame.obj
 0004:00000104       __guard_fids__             1001d104     libvcruntime:frame.obj
 0004:00000108       __guard_fids__             1001d108     libvcruntime:frame.obj
 0004:0000010c       __guard_fids____vcrt_initialize_ptd 1001d10c     libvcruntime:per_thread_data.obj
 0005:00000060       $R000000                   1001e060     * linker generated manifest res *

 Exports

  ordinal    name

        1    ?PrintRawData@@YAHV?$basic_string@DU?$char_traits@D@std@@V?$allocator@D@2@@std@@ABV12@@Z (int __cdecl PrintRawData(class std::basic_string<char,struct std::char_traits<char>,class std::allocator<char> >,class std::basic_string<char,struct std::char_traits<char>,class std::allocator<char> > const &))
        2    __register_addon_
               exported name: _register_addon_
